Archive member included to satisfy reference by file (symbol)

c:/apps/atmel/studio/7.0/toolchain/avr8/avr8-gnu-toolchain/bin/../lib/gcc/avr/5.4.0/avr6\libgcc.a(_udivmodsi4.o)
                              main.o (__udivmodsi4)
c:/apps/atmel/studio/7.0/toolchain/avr8/avr8-gnu-toolchain/bin/../lib/gcc/avr/5.4.0/avr6\libgcc.a(_exit.o)
                              c:/apps/atmel/studio/7.0/toolchain/avr8/avr8-gnu-toolchain/bin/../lib/gcc/avr/5.4.0/../../../../avr/lib/avr6/crtatmega256rfr2.o (exit)
c:/apps/atmel/studio/7.0/toolchain/avr8/avr8-gnu-toolchain/bin/../lib/gcc/avr/5.4.0/avr6\libgcc.a(_tablejump2.o)
                              stack/eth/socket.o (__tablejump2__)
c:/apps/atmel/studio/7.0/toolchain/avr8/avr8-gnu-toolchain/bin/../lib/gcc/avr/5.4.0/avr6\libgcc.a(_copy_data.o)
                              globals.o (__do_copy_data)
c:/apps/atmel/studio/7.0/toolchain/avr8/avr8-gnu-toolchain/bin/../lib/gcc/avr/5.4.0/avr6\libgcc.a(_clear_bss.o)
                              main.o (__do_clear_bss)
c:/apps/atmel/studio/7.0/toolchain/avr8/avr8-gnu-toolchain/bin/../lib/gcc/avr/5.4.0/avr6\libgcc.a(_muluhisi3.o)
                              stack/mqtt/MQTTClient.o (__muluhisi3)
c:/apps/atmel/studio/7.0/toolchain/avr8/avr8-gnu-toolchain/bin/../lib/gcc/avr/5.4.0/avr6\libgcc.a(_umulhisi3.o)
                              c:/apps/atmel/studio/7.0/toolchain/avr8/avr8-gnu-toolchain/bin/../lib/gcc/avr/5.4.0/avr6\libgcc.a(_muluhisi3.o) (__umulhisi3)
c:/apps/atmel/studio/7.0/toolchain/avr8/avr8-gnu-toolchain/bin/../lib/gcc/avr/5.4.0/../../../../avr/lib/avr6\libc.a(malloc.o)
                              main.o (__brkval)
c:/apps/atmel/studio/7.0/toolchain/avr8/avr8-gnu-toolchain/bin/../lib/gcc/avr/5.4.0/../../../../avr/lib/avr6\libc.a(rand.o)
                              stack/nwk/src/nwkTx.o (rand)
c:/apps/atmel/studio/7.0/toolchain/avr8/avr8-gnu-toolchain/bin/../lib/gcc/avr/5.4.0/../../../../avr/lib/avr6\libc.a(memcmp.o)
                              stack/mqtt/packet/src/MQTTConnectServer.o (memcmp)
c:/apps/atmel/studio/7.0/toolchain/avr8/avr8-gnu-toolchain/bin/../lib/gcc/avr/5.4.0/../../../../avr/lib/avr6\libc.a(memcpy.o)
                              main.o (memcpy)
c:/apps/atmel/studio/7.0/toolchain/avr8/avr8-gnu-toolchain/bin/../lib/gcc/avr/5.4.0/../../../../avr/lib/avr6\libc.a(strncmp.o)
                              stack/mqtt/packet/src/MQTTPacket.o (strncmp)
c:/apps/atmel/studio/7.0/toolchain/avr8/avr8-gnu-toolchain/bin/../lib/gcc/avr/5.4.0/../../../../avr/lib/avr6\libc.a(strncpy.o)
                              main.o (strncpy)
c:/apps/atmel/studio/7.0/toolchain/avr8/avr8-gnu-toolchain/bin/../lib/gcc/avr/5.4.0/../../../../avr/lib/avr6\libc.a(iob.o)
                              main.o (__iob)
c:/apps/atmel/studio/7.0/toolchain/avr8/avr8-gnu-toolchain/bin/../lib/gcc/avr/5.4.0/../../../../avr/lib/avr6\libc.a(printf.o)
                              main.o (printf)
c:/apps/atmel/studio/7.0/toolchain/avr8/avr8-gnu-toolchain/bin/../lib/gcc/avr/5.4.0/../../../../avr/lib/avr6\libc.a(printf_p.o)
                              main.o (printf_P)
c:/apps/atmel/studio/7.0/toolchain/avr8/avr8-gnu-toolchain/bin/../lib/gcc/avr/5.4.0/../../../../avr/lib/avr6\libc.a(puts.o)
                              main.o (puts)
c:/apps/atmel/studio/7.0/toolchain/avr8/avr8-gnu-toolchain/bin/../lib/gcc/avr/5.4.0/../../../../avr/lib/avr6\libc.a(snprintf.o)
                              stack/mqtt/packet/src/MQTTFormat.o (snprintf)
c:/apps/atmel/studio/7.0/toolchain/avr8/avr8-gnu-toolchain/bin/../lib/gcc/avr/5.4.0/../../../../avr/lib/avr6\libc.a(vfprintf_std.o)
                              c:/apps/atmel/studio/7.0/toolchain/avr8/avr8-gnu-toolchain/bin/../lib/gcc/avr/5.4.0/../../../../avr/lib/avr6\libc.a(printf.o) (vfprintf)
c:/apps/atmel/studio/7.0/toolchain/avr8/avr8-gnu-toolchain/bin/../lib/gcc/avr/5.4.0/../../../../avr/lib/avr6\libc.a(strnlen_P.o)
                              c:/apps/atmel/studio/7.0/toolchain/avr8/avr8-gnu-toolchain/bin/../lib/gcc/avr/5.4.0/../../../../avr/lib/avr6\libc.a(vfprintf_std.o) (strnlen_P)
c:/apps/atmel/studio/7.0/toolchain/avr8/avr8-gnu-toolchain/bin/../lib/gcc/avr/5.4.0/../../../../avr/lib/avr6\libc.a(strnlen.o)
                              c:/apps/atmel/studio/7.0/toolchain/avr8/avr8-gnu-toolchain/bin/../lib/gcc/avr/5.4.0/../../../../avr/lib/avr6\libc.a(vfprintf_std.o) (strnlen)
c:/apps/atmel/studio/7.0/toolchain/avr8/avr8-gnu-toolchain/bin/../lib/gcc/avr/5.4.0/../../../../avr/lib/avr6\libc.a(fputc.o)
                              c:/apps/atmel/studio/7.0/toolchain/avr8/avr8-gnu-toolchain/bin/../lib/gcc/avr/5.4.0/../../../../avr/lib/avr6\libc.a(vfprintf_std.o) (fputc)
c:/apps/atmel/studio/7.0/toolchain/avr8/avr8-gnu-toolchain/bin/../lib/gcc/avr/5.4.0/../../../../avr/lib/avr6\libc.a(ultoa_invert.o)
[...]
Memory Configuration

Name             Origin             Length             Attributes
text             0x00000000         0x00040000         xr
data             0x00800200         0x00008000         rw !x
eeprom           0x00810000         0x00002000         rw !x
fuse             0x00820000         0x00000003         rw !x
lock             0x00830000         0x00000400         rw !x
signature        0x00840000         0x00000400         rw !x
user_signatures  0x00850000         0x00000400         rw !x
*default*        0x00000000         0xffffffff

Linker script and memory map

Address of section .data set to 0x800200
LOAD c:/apps/atmel/studio/7.0/toolchain/avr8/avr8-gnu-toolchain/bin/../lib/gcc/avr/5.4.0/../../../../avr/lib/avr6/crtatmega256rfr2.o
LOAD globals.o
LOAD main.o
LOAD stack/app/loopback/loopback.o
LOAD stack/dhcp/dhcp.o
LOAD stack/eth/socket.o
LOAD stack/eth/W5500/w5500.o
LOAD stack/eth/wizchip_conf.o
LOAD stack/hal/atmega256rfr2/src/hal.o
LOAD stack/hal/atmega256rfr2/src/halTimer.o
LOAD stack/hal/drivers/atmega256rfr2/src/halSleep.o
LOAD stack/hal/drivers/atmega256rfr2/src/halUart.o
LOAD stack/hal/drivers/atmega256rfr2/src/spi.o
LOAD stack/mqtt/MQTTClient.o
LOAD stack/mqtt/mqtt_interface.o
LOAD stack/mqtt/packet/src/MQTTConnectClient.o
LOAD stack/mqtt/packet/src/MQTTConnectServer.o
LOAD stack/mqtt/packet/src/MQTTDeserializePublish.o
LOAD stack/mqtt/packet/src/MQTTFormat.o
LOAD stack/mqtt/packet/src/MQTTPacket.o
LOAD stack/mqtt/packet/src/MQTTSerializePublish.o
LOAD stack/mqtt/packet/src/MQTTSubscribeClient.o
LOAD stack/mqtt/packet/src/MQTTSubscribeServer.o
LOAD stack/mqtt/packet/src/MQTTUnsubscribeClient.o
LOAD stack/mqtt/packet/src/MQTTUnsubscribeServer.o
LOAD stack/nwk/src/nwk.o
LOAD stack/nwk/src/nwkDataReq.o
LOAD stack/nwk/src/nwkFrame.o
LOAD stack/nwk/src/nwkGroup.o
LOAD stack/nwk/src/nwkRoute.o
LOAD stack/nwk/src/nwkRouteDiscovery.o
LOAD stack/nwk/src/nwkRx.o
LOAD stack/nwk/src/nwkSecurity.o
LOAD stack/nwk/src/nwkTx.o
LOAD stack/phy/atmega256rfr2/src/phy.o
LOAD stack/sys/src/sys.o
LOAD stack/sys/src/sysEncrypt.o
LOAD stack/sys/src/sysTimer.o
START GROUP
LOAD c:/apps/atmel/studio/7.0/toolchain/avr8/avr8-gnu-toolchain/bin/../lib/gcc/avr/5.4.0/../../../../avr/lib/avr6\libm.a
END GROUP
START GROUP
LOAD c:/apps/atmel/studio/7.0/toolchain/avr8/avr8-gnu-toolchain/bin/../lib/gcc/avr/5.4.0/avr6\libgcc.a
LOAD c:/apps/atmel/studio/7.0/toolchain/avr8/avr8-gnu-toolchain/bin/../lib/gcc/avr/5.4.0/../../../../avr/lib/avr6\libm.a
LOAD c:/apps/atmel/studio/7.0/toolchain/avr8/avr8-gnu-toolchain/bin/../lib/gcc/avr/5.4.0/../../../../avr/lib/avr6\libc.a
LOAD c:/apps/atmel/studio/7.0/toolchain/avr8/avr8-gnu-toolchain/bin/../lib/gcc/avr/5.4.0/../../../../avr/lib/avr6\libatmega256rfr2.a
END GROUP
                [0x00000000]                __TEXT_REGION_ORIGIN__ = DEFINED (__TEXT_REGION_ORIGIN__)?__TEXT_REGION_ORIGIN__:0x0
                [0x00800200]                __DATA_REGION_ORIGIN__ = DEFINED (__DATA_REGION_ORIGIN__)?__DATA_REGION_ORIGIN__:0x800200
                [0x00040000]                __TEXT_REGION_LENGTH__ = DEFINED (__TEXT_REGION_LENGTH__)?__TEXT_REGION_LENGTH__:0x100000
                [0x00008000]                __DATA_REGION_LENGTH__ = DEFINED (__DATA_REGION_LENGTH__)?__DATA_REGION_LENGTH__:0xfe00
                [0x00002000]                __EEPROM_REGION_LENGTH__ = DEFINED (__EEPROM_REGION_LENGTH__)?__EEPROM_REGION_LENGTH__:0x10000
                [0x00000003]                __FUSE_REGION_LENGTH__ = DEFINED (__FUSE_REGION_LENGTH__)?__FUSE_REGION_LENGTH__:0x400
                0x00000400                __LOCK_REGION_LENGTH__ = DEFINED (__LOCK_REGION_LENGTH__)?__LOCK_REGION_LENGTH__:0x400
                0x00000400                __SIGNATURE_REGION_LENGTH__ = DEFINED (__SIGNATURE_REGION_LENGTH__)?__SIGNATURE_REGION_LENGTH__:0x400
                0x00000400                __USER_SIGNATURE_REGION_LENGTH__ = DEFINED (__USER_SIGNATURE_REGION_LENGTH__)?__USER_SIGNATURE_REGION_LENGTH__:0x400

.hash
 *(.hash)

.dynsym
 *(.dynsym)

.dynstr
 *(.dynstr)

.gnu.version
 *(.gnu.version)

.gnu.version_d
 *(.gnu.version_d)

.gnu.version_r
 *(.gnu.version_r)

.rel.init
 *(.rel.init)

.rela.init
 *(.rela.init)

.rel.text
 *(.rel.text)
 *(.rel.text.*)
 *(.rel.gnu.linkonce.t*)

.rela.text
 *(.rela.text)
 *(.rela.text.*)
 *(.rela.gnu.linkonce.t*)

.rel.fini
 *(.rel.fini)

.rela.fini
 *(.rela.fini)

.rel.rodata
 *(.rel.rodata)
 *(.rel.rodata.*)
 *(.rel.gnu.linkonce.r*)

.rela.rodata
 *(.rela.rodata)
 *(.rela.rodata.*)
 *(.rela.gnu.linkonce.r*)

.rel.data
 *(.rel.data)
 *(.rel.data.*)
 *(.rel.gnu.linkonce.d*)

.rela.data
 *(.rela.data)
 *(.rela.data.*)
 *(.rela.gnu.linkonce.d*)

.rel.ctors
 *(.rel.ctors)

.rela.ctors
 *(.rela.ctors)

.rel.dtors
 *(.rel.dtors)

.rela.dtors
 *(.rela.dtors)

.rel.got
 *(.rel.got)

.rela.got
 *(.rela.got)

.rel.bss
 *(.rel.bss)

.rela.bss
 *(.rela.bss)

.rel.plt
 *(.rel.plt)

.rela.plt
 *(.rela.plt)

.text           0x00000000     0x856a
 *(.vectors)
 .vectors       0x00000000      0x134 c:/apps/atmel/studio/7.0/toolchain/avr8/avr8-gnu-toolchain/bin/../lib/gcc/avr/5.4.0/../../../../avr/lib/avr6/crtatmega256rfr2.o
                0x00000000                __vector_default
                0x00000000                __vectors
 *(.vectors)
 *(.progmem.gcc*)
 .progmem.gcc_sw_table.ctlwizchip
                0x00000134       0x20 stack/eth/wizchip_conf.o
                0x00000154                . = ALIGN (0x2)
                0x00000154                __trampolines_start = .
 *(.trampolines)
 .trampolines   0x00000154        0x0 linker stubs
 *(.trampolines*)
                0x00000154                __trampolines_end = .
 *libprintf_flt.a:*(.progmem.data)
 *libc.a:*(.progmem.data)
 *(.progmem*)
 .progmem.data.__c.3739
                0x00000154       0x14 main.o
 .progmem.data.__c.3737
                0x00000168       0x1b main.o
 .progmem.data.__c.3731
                0x00000183       0x1e main.o
 .progmem.data.__c.3735
                0x000001a1       0x15 main.o
 .progmem.data.__c.3729
                0x000001b6       0x20 main.o
 .progmem.data.__c.3726
                0x000001d6       0x32 main.o
 .progmem.data.__c.3710
                0x00000208       0x1b main.o
 .progmem.data.__c.3708
                0x00000223       0x1f main.o
 .progmem.data.__c.3706
                0x00000242       0x15 main.o
 .progmem.data.__c.3704
                0x00000257        0x3 main.o
 .progmem.data.__c.3680
                0x0000025a       0x1b main.o
 .progmem.data.__c.3678
                0x00000275       0x1b main.o
 .progmem.data.__c.3676
                0x00000290       0x1b main.o
 .progmem.data.__c.3674
                0x000002ab       0x1b main.o
 .progmem.data.__c.3672
                0x000002c6       0x2d main.o
 .progmem.data.__c.3670
                0x000002f3        0xa main.o
 .progmem.data.__c.3668
                0x000002fd        0xc main.o
 .progmem.data.__c.3665
                0x00000309       0x2a main.o
 .progmem.data.__c.3663
                0x00000333       0x15 main.o
 .progmem.data.__c.3661
                0x00000348       0x2c main.o
 .progmem.data.__c.3645
                0x00000374        0x3 main.o
 .progmem.data.__c.3643
                0x00000377       0x1e main.o
 .progmem.data.__c.3557
                0x00000395       0x3d main.o
 .progmem.data.__c.3555
                0x000003d2        0xb main.o
 .progmem.data.__c.3553
                0x000003dd        0x8 main.o
 .progmem.data.__c.3550
                0x000003e5       0x15 main.o
 .progmem.data.__c.3539
                0x000003fa       0x14 main.o
 .progmem.data.str_mcu
                0x0000040e        0xc main.o
                0x0000040e                str_mcu
 .progmem.data.str_prog_name
                0x0000041a       0x52 main.o
                0x0000041a                str_prog_name
 .progmem.data.compile_time
                0x0000046c        0x9 main.o
                0x0000046c                compile_time
 .progmem.data.compile_date
                0x00000475        0xc main.o
                0x00000475                compile_date
 .progmem.data.__c.2479
                0x00000481       0x25 stack/app/loopback/loopback.o
 .progmem.data.__c.2472
                0x000004a6       0x18 stack/app/loopback/loopback.o
 .progmem.data.__c.2470
                0x000004be       0x1a stack/app/loopback/loopback.o
 .progmem.data.__c.2430
                0x000004d8       0x2c stack/app/loopback/loopback.o
 .progmem.data.__c.2427
                0x00000504       0x13 stack/app/loopback/loopback.o
 .progmem.data.__c.2420
                0x00000517       0x22 stack/app/loopback/loopback.o
                0x0000053a                . = ALIGN (0x2)
 *fill*         0x00000539        0x1 
 *(.jumptables)
 *(.jumptables*)
 *(.lowtext)
 *(.lowtext*)
                0x0000053a                __ctors_start = .
 *(.ctors)
                0x0000053a                __ctors_end = .
                0x0000053a                __dtors_start = .
 *(.dtors)
                0x0000053a                __dtors_end = .
 SORT(*)(.ctors)
 SORT(*)(.dtors)
 *(.init0)
 .init0         0x0000053a        0x0 c:/apps/atmel/studio/7.0/toolchain/avr8/avr8-gnu-toolchain/bin/../lib/gcc/avr/5.4.0/../../../../avr/lib/avr6/crtatmega256rfr2.o
                0x0000053a                __init
 *(.init0)
 *(.init1)
 *(.init1)
 *(.init2)
 .init2         0x0000053a       0x10 c:/apps/atmel/studio/7.0/toolchain/avr8/avr8-gnu-toolchain/bin/../lib/gcc/avr/5.4.0/../../../../avr/lib/avr6/crtatmega256rfr2.o
 *(.init2)
 *(.init3)
 .init3         0x0000054a       0x1e main.o
                0x0000054a                get_mcusr
 *(.init3)
 *(.init4)
 .init4         0x00000568       0x1a c:/apps/atmel/studio/7.0/toolchain/avr8/avr8-gnu-toolchain/bin/../lib/gcc/avr/5.4.0/avr6\libgcc.a(_copy_data.o)
                0x00000568                __do_copy_data
 .init4         0x00000582       0x10 c:/apps/atmel/studio/7.0/toolchain/avr8/avr8-gnu-toolchain/bin/../lib/gcc/avr/5.4.0/avr6\libgcc.a(_clear_bss.o)
                0x00000582                __do_clear_bss
 *(.init4)
 *(.init5)
 *(.init5)
 *(.init6)
 *(.init6)
 *(.init7)
 *(.init7)
 *(.init8)
 *(.init8)
 *(.init9)
 .init9         0x00000592        0x6 c:/apps/atmel/studio/7.0/toolchain/avr8/avr8-gnu-toolchain/bin/../lib/gcc/avr/5.4.0/../../../../avr/lib/avr6/crtatmega256rfr2.o
 *(.init9)
 *(.text)
 .text          0x00000598        0x2 c:/apps/atmel/studio/7.0/toolchain/avr8/avr8-gnu-toolchain/bin/../lib/gcc/avr/5.4.0/../../../../avr/lib/avr6/crtatmega256rfr2.o
                0x00000598                __vector_38
                0x00000598                __vector_22
                0x00000598                __vector_63
                0x00000598                __vector_28
                0x00000598                __vector_67
                0x00000598                __vector_1
                0x00000598                __vector_32
                0x00000598                __vector_75
                0x00000598                __vector_71
                0x00000598                __vector_34
                0x00000598                __vector_62
                0x00000598                __vector_24
                0x00000598                __vector_12
                0x00000598                __vector_55
                0x00000598                __vector_69
                0x00000598                __vector_46
                0x00000598                __bad_interrupt
                0x00000598                __vector_72
                0x00000598                __vector_6
                0x00000598                __vector_31
                0x00000598                __vector_35
                0x00000598                __vector_74
                0x00000598                __vector_39
                0x00000598                __vector_3
                0x00000598                __vector_23
                0x00000598                __vector_68
                0x00000598                __vector_30
                0x00000598                __vector_73
                0x00000598                __vector_45
                0x00000598                __vector_25
                0x00000598                __vector_61
                0x00000598                __vector_11
                0x00000598                __vector_54
                0x00000598                __vector_17
                0x00000598                __vector_19
                0x00000598                __vector_56
                0x00000598                __vector_7
                0x00000598                __vector_49
                0x00000598                __vector_41
                0x00000598                __vector_64
                0x00000598                __vector_43
                0x00000598                __vector_27
                0x00000598                __vector_5
                0x00000598                __vector_33
                0x00000598                __vector_76
                0x00000598                __vector_47
                0x00000598                __vector_52
                0x00000598                __vector_4
                0x00000598                __vector_44
                0x00000598                __vector_51
                0x00000598                __vector_9
                0x00000598                __vector_2
                0x00000598                __vector_15
                0x00000598                __vector_66
                0x00000598                __vector_58
                0x00000598                __vector_70
                0x00000598                __vector_29
                0x00000598                __vector_60
                0x00000598                __vector_40
                0x00000598                __vector_8
                0x00000598                __vector_26
                0x00000598                __vector_48
                0x00000598                __vector_14
                0x00000598                __vector_57
                0x00000598                __vector_53
                0x00000598                __vector_10
                0x00000598                __vector_50
                0x00000598                __vector_16
                0x00000598                __vector_59
                0x00000598                __vector_18
                0x00000598                __vector_20
                0x00000598                __vector_65
                0x0000059a                . = ALIGN (0x2)
 *(.text.*)
 .text.appDataConf
                0x0000059a        0x6 main.o
 .text.cs_sel   0x000005a0        0x4 main.o
                0x000005a0                cs_sel
 .text.cs_desel
                0x000005a4        0x4 main.o
                0x000005a4                cs_desel
 .text.spi_rb   0x000005a8        0xc main.o
                0x000005a8                spi_rb
 .text.spi_wb   0x000005b4        0xa main.o
                0x000005b4                spi_wb
 .text.spi_rb_burst
                0x000005be       0x20 main.o
                0x000005be                spi_rb_burst
 .text.spi_wb_burst
                0x000005de       0x1e main.o
                0x000005de                spi_wb_burst
 .text.appSendData
                0x000005fc       0x5e main.o
 .text.appTimerHandler
                0x0000065a        0x4 main.o
 .text.messageArrived
                0x0000065e       0xca main.o
                0x0000065e                messageArrived
 .text.my_ip_conflict
                0x00000728        0xa main.o
                0x00000728                my_ip_conflict
 .text.HAL_UartBytesReceived
                0x00000732       0x60 main.o
                0x00000732                HAL_UartBytesReceived
 .text.mqtt_pub
                0x00000792      0x118 main.o
                0x00000792                mqtt_pub
 .text.freeRam  0x000008aa       0x32 main.o
                0x000008aa                freeRam
 .text.__vector_21
                0x000008dc       0x4a main.o
                0x000008dc                __vector_21
 .text.millis   0x00000926       0x16 main.o
                0x00000926                millis
 .text.adc_init
                0x0000093c       0x24 main.o
                0x0000093c                adc_init
 .text.adc_read
                0x00000960       0x2a main.o
                0x00000960                adc_read
 .text.IO_LIBRARY_Init
                0x0000098a       0x70 main.o
                0x0000098a                IO_LIBRARY_Init
 .text.timer0_init
                0x000009fa       0x18 main.o
                0x000009fa                timer0_init
 .text.print_network_information
                0x00000a12      0x17c main.o
                0x00000a12                print_network_information
 .text.my_ip_assign
                0x00000b8e       0x66 main.o
                0x00000b8e                my_ip_assign
 .text.lwm_mqtt_send
                0x00000bf4       0x12 main.o
                0x00000bf4                lwm_mqtt_send
 .text.appDataInd
                0x00000c06       0x4a main.o
 .text.main     0x00000c50      0x4c0 main.o
                0x00000c50                main
 .text.loopback_tcps
                0x00001110      0x27a stack/app/loopback/loopback.o
                0x00001110                loopback_tcps
 .text.loopback_udps
                0x0000138a      0x1d2 stack/app/loopback/loopback.o
                0x0000138a                loopback_udps
 .text.default_ip_assign
                0x0000155c       0x3e stack/dhcp/dhcp.o
                0x0000155c                default_ip_assign
 .text.default_ip_update
                0x0000159a       0x2e stack/dhcp/dhcp.o
                0x0000159a                default_ip_update
 .text.default_ip_conflict
                0x000015c8       0x2c stack/dhcp/dhcp.o
                0x000015c8                default_ip_conflict
 .text.reg_dhcp_cbfunc
                0x000015f4       0x4e stack/dhcp/dhcp.o
                0x000015f4                reg_dhcp_cbfunc
 .text.makeDHCPMSG
                0x00001642      0x178 stack/dhcp/dhcp.o
                0x00001642                makeDHCPMSG
 .text.send_DHCP_DISCOVER
                0x000017ba      0x190 stack/dhcp/dhcp.o
                0x000017ba                send_DHCP_DISCOVER
 .text.send_DHCP_DECLINE
                0x0000194a      0x110 stack/dhcp/dhcp.o
                0x0000194a                send_DHCP_DECLINE
 .text.parseDHCPMSG
                0x00001a5a      0x24c stack/dhcp/dhcp.o
                0x00001a5a                parseDHCPMSG
 .text.DHCP_stop
                0x00001ca6        0xe stack/dhcp/dhcp.o
                0x00001ca6                DHCP_stop
 .text.check_DHCP_leasedIP
                0x00001cb4       0xaa stack/dhcp/dhcp.o
                0x00001cb4                check_DHCP_leasedIP
 .text.reset_DHCP_timeout
                0x00001d5e       0x2e stack/dhcp/dhcp.o
                0x00001d5e                reset_DHCP_timeout
 .text.DHCP_init
                0x00001d8c       0xda stack/dhcp/dhcp.o
                0x00001d8c                DHCP_init
 .text.DHCP_time_handler
                0x00001e66       0x28 stack/dhcp/dhcp.o
                0x00001e66                DHCP_time_handler
 .text.getIPfromDHCP
                0x00001e8e       0x22 stack/dhcp/dhcp.o
                0x00001e8e                getIPfromDHCP
 .text.getGWfromDHCP
                0x00001eb0       0x22 stack/dhcp/dhcp.o
                0x00001eb0                getGWfromDHCP
 .text.getSNfromDHCP
                0x00001ed2       0x22 stack/dhcp/dhcp.o
                0x00001ed2                getSNfromDHCP
 .text.getDNSfromDHCP
                0x00001ef4       0x22 stack/dhcp/dhcp.o
                0x00001ef4                getDNSfromDHCP
 .text.getDHCPLeasetime
                0x00001f16       0x12 stack/dhcp/dhcp.o
                0x00001f16                getDHCPLeasetime
 .text.NibbleToHex
                0x00001f28        0xe stack/dhcp/dhcp.o
                0x00001f28                NibbleToHex
 .text.send_DHCP_REQUEST
                0x00001f36      0x298 stack/dhcp/dhcp.o
                0x00001f36                send_DHCP_REQUEST
 .text.check_DHCP_timeout
                0x000021ce       0xc8 stack/dhcp/dhcp.o
                0x000021ce                check_DHCP_timeout
 .text.DHCP_run
                0x00002296      0x208 stack/dhcp/dhcp.o
                0x00002296                DHCP_run
 .text.close    0x0000249e       0xf0 stack/eth/socket.o
                0x0000249e                close
 .text.socket   0x0000258e      0x206 stack/eth/socket.o
                0x0000258e                socket
 .text.listen   0x00002794       0xb4 stack/eth/socket.o
                0x00002794                listen
 .text.connect  0x00002848      0x1be stack/eth/socket.o
                0x00002848                connect
 .text.disconnect
                0x00002a06      0x104 stack/eth/socket.o
                0x00002a06                disconnect
 .text.send     0x00002b0a      0x216 stack/eth/socket.o
                0x00002b0a                send
 .text.recv     0x00002d20      0x1f0 stack/eth/socket.o
                0x00002d20                recv
 .text.sendto   0x00002f10      0x252 stack/eth/socket.o
                0x00002f10                sendto
 .text.recvfrom
                0x00003162      0x3dc stack/eth/socket.o
                0x00003162                recvfrom
 .text.WIZCHIP_READ
                0x0000353e       0xce stack/eth/W5500/w5500.o
                0x0000353e                WIZCHIP_READ
 .text.WIZCHIP_WRITE
                0x0000360c       0xe4 stack/eth/W5500/w5500.o
                0x0000360c                WIZCHIP_WRITE
 .text.WIZCHIP_READ_BUF
                0x000036f0      0x110 stack/eth/W5500/w5500.o
                0x000036f0                WIZCHIP_READ_BUF
 .text.WIZCHIP_WRITE_BUF
                0x00003800      0x11c stack/eth/W5500/w5500.o
                0x00003800                WIZCHIP_WRITE_BUF
 .text.getSn_TX_FSR
                0x0000391c       0xa8 stack/eth/W5500/w5500.o
                0x0000391c                getSn_TX_FSR
 .text.getSn_RX_RSR
                0x000039c4       0xa8 stack/eth/W5500/w5500.o
                0x000039c4                getSn_RX_RSR
 .text.wiz_send_data
                0x00003a6c      0x10e stack/eth/W5500/w5500.o
                0x00003a6c                wiz_send_data
 .text.wiz_recv_data
                0x00003b7a      0x10e stack/eth/W5500/w5500.o
                0x00003b7a                wiz_recv_data
 .text.wiz_recv_ignore
                0x00003c88       0x94 stack/eth/W5500/w5500.o
                0x00003c88                wiz_recv_ignore
 .text.wizchip_cris_enter
                0x00003d1c        0x2 stack/eth/wizchip_conf.o
                0x00003d1c                wizchip_cris_enter
 .text.wizchip_cris_exit
                0x00003d1e        0x2 stack/eth/wizchip_conf.o
                0x00003d1e                wizchip_cris_exit
 .text.wizchip_cs_select
                0x00003d20        0x2 stack/eth/wizchip_conf.o
                0x00003d20                wizchip_cs_select
 .text.wizchip_cs_deselect
                0x00003d22        0x2 stack/eth/wizchip_conf.o
                0x00003d22                wizchip_cs_deselect
 .text.wizchip_bus_readdata
                0x00003d24        0x6 stack/eth/wizchip_conf.o
                0x00003d24                wizchip_bus_readdata
 .text.wizchip_bus_writedata
                0x00003d2a        0x6 stack/eth/wizchip_conf.o
                0x00003d2a                wizchip_bus_writedata
 .text.wizchip_spi_readbyte
                0x00003d30        0x4 stack/eth/wizchip_conf.o
                0x00003d30                wizchip_spi_readbyte
 .text.wizchip_spi_writebyte
                0x00003d34        0x2 stack/eth/wizchip_conf.o
                0x00003d34                wizchip_spi_writebyte
 .text.wizchip_spi_readburst
                0x00003d36        0x2 stack/eth/wizchip_conf.o
                0x00003d36                wizchip_spi_readburst
 .text.wizchip_spi_writeburst
                0x00003d38        0x2 stack/eth/wizchip_conf.o
                0x00003d38                wizchip_spi_writeburst
 .text.reg_wizchip_cs_cbfunc
                0x00003d3a       0x2e stack/eth/wizchip_conf.o
                0x00003d3a                reg_wizchip_cs_cbfunc
 .text.reg_wizchip_spi_cbfunc
                0x00003d68       0x40 stack/eth/wizchip_conf.o
                0x00003d68                reg_wizchip_spi_cbfunc
 .text.reg_wizchip_spiburst_cbfunc
                0x00003da8       0x40 stack/eth/wizchip_conf.o
                0x00003da8                reg_wizchip_spiburst_cbfunc
 .text.wizchip_sw_reset
                0x00003de8       0xd8 stack/eth/wizchip_conf.o
                0x00003de8                wizchip_sw_reset
 .text.wizchip_init
                0x00003ec0       0xde stack/eth/wizchip_conf.o
                0x00003ec0                wizchip_init
 .text.wizchip_clrinterrupt
                0x00003f9e       0x22 stack/eth/wizchip_conf.o
                0x00003f9e                wizchip_clrinterrupt
 .text.wizchip_getinterrupt
                0x00003fc0       0x28 stack/eth/wizchip_conf.o
                0x00003fc0                wizchip_getinterrupt
 .text.wizchip_setinterruptmask
                0x00003fe8       0x20 stack/eth/wizchip_conf.o
                0x00003fe8                wizchip_setinterruptmask
 .text.wizchip_getinterruptmask
                0x00004008       0x26 stack/eth/wizchip_conf.o
                0x00004008                wizchip_getinterruptmask
 .text.wizphy_getphylink
                0x0000402e        0xe stack/eth/wizchip_conf.o
                0x0000402e                wizphy_getphylink
 .text.wizphy_getphypmode
                0x0000403c       0x18 stack/eth/wizchip_conf.o
                0x0000403c                wizphy_getphypmode
 .text.wizphy_reset
                0x00004054       0x32 stack/eth/wizchip_conf.o
                0x00004054                wizphy_reset
 .text.wizphy_setphyconf
                0x00004086       0x42 stack/eth/wizchip_conf.o
                0x00004086                wizphy_setphyconf
 .text.wizphy_getphyconf
                0x000040c8       0x58 stack/eth/wizchip_conf.o
                0x000040c8                wizphy_getphyconf
 .text.wizphy_setphypmode
                0x00004120       0x68 stack/eth/wizchip_conf.o
                0x00004120                wizphy_setphypmode
 .text.ctlwizchip
                0x00004188      0x110 stack/eth/wizchip_conf.o
                0x00004188                ctlwizchip
 .text.wizchip_setnetinfo
                0x00004298       0x72 stack/eth/wizchip_conf.o
                0x00004298                wizchip_setnetinfo
 .text.wizchip_getnetinfo
                0x0000430a       0x72 stack/eth/wizchip_conf.o
                0x0000430a                wizchip_getnetinfo
 .text.HAL_Init
                0x0000437c       0x28 stack/hal/atmega256rfr2/src/hal.o
                0x0000437c                HAL_Init
 .text.HAL_TimerInit
                0x000043a4       0x2a stack/hal/atmega256rfr2/src/halTimer.o
                0x000043a4                HAL_TimerInit
 .text.__vector_42
                0x000043ce       0x22 stack/hal/atmega256rfr2/src/halTimer.o
                0x000043ce                __vector_42
 .text.__vector_13
                0x000043f0       0x1e stack/hal/drivers/atmega256rfr2/src/halSleep.o
                0x000043f0                __vector_13
 .text.HAL_UartInit
                0x0000440e       0xaa stack/hal/drivers/atmega256rfr2/src/halUart.o
                0x0000440e                HAL_UartInit
 .text.HAL_UartWriteByte
                0x000044b8       0x4e stack/hal/drivers/atmega256rfr2/src/halUart.o
                0x000044b8                HAL_UartWriteByte
 .text.HAL_UartReadByte
                0x00004506       0x4c stack/hal/drivers/atmega256rfr2/src/halUart.o
                0x00004506                HAL_UartReadByte
 .text.__vector_37
                0x00004552       0x38 stack/hal/drivers/atmega256rfr2/src/halUart.o
                0x00004552                __vector_37
 .text.__vector_36
                0x0000458a       0xae stack/hal/drivers/atmega256rfr2/src/halUart.o
                0x0000458a                __vector_36
 .text.HAL_UartTaskHandler
                0x00004638       0x88 stack/hal/drivers/atmega256rfr2/src/halUart.o
                0x00004638                HAL_UartTaskHandler
 .text.HAL_UartPrintChar
                0x000046c0       0x14 stack/hal/drivers/atmega256rfr2/src/halUart.o
                0x000046c0                HAL_UartPrintChar
 .text.spi_init
                0x000046d4       0x18 stack/hal/drivers/atmega256rfr2/src/spi.o
                0x000046d4                spi_init
 .text.getNextPacketId
                0x000046ec       0x36 stack/mqtt/MQTTClient.o
                0x000046ec                getNextPacketId
 .text.sendPacket
                0x00004722       0xd6 stack/mqtt/MQTTClient.o
                0x00004722                sendPacket
 .text.MQTTClient
                0x000047f8       0x66 stack/mqtt/MQTTClient.o
                0x000047f8                MQTTClient
 .text.decodePacket
                0x0000485e      0x146 stack/mqtt/MQTTClient.o
                0x0000485e                decodePacket
 .text.readPacket
                0x000049a4      0x148 stack/mqtt/MQTTClient.o
                0x000049a4                readPacket
 .text.isTopicMatched
                0x00004aec       0xc4 stack/mqtt/MQTTClient.o
                0x00004aec                isTopicMatched
 .text.deliverMessage
                0x00004bb0      0x100 stack/mqtt/MQTTClient.o
                0x00004bb0                deliverMessage
 .text.keepalive
                0x00004cb0       0xbe stack/mqtt/MQTTClient.o
                0x00004cb0                keepalive
 .text.cycle    0x00004d6e      0x218 stack/mqtt/MQTTClient.o
                0x00004d6e                cycle
 .text.waitfor  0x00004f86       0x66 stack/mqtt/MQTTClient.o
                0x00004f86                waitfor
 .text.MQTTConnect
                0x00004fec      0x170 stack/mqtt/MQTTClient.o
                0x00004fec                MQTTConnect
 .text.MQTTSubscribe
                0x0000515c      0x206 stack/mqtt/MQTTClient.o
                0x0000515c                MQTTSubscribe
 .text.MQTTPublish
                0x00005362      0x220 stack/mqtt/MQTTClient.o
                0x00005362                MQTTPublish
 .text.w5500_read
                0x00005582       0x96 stack/mqtt/mqtt_interface.o
                0x00005582                w5500_read
 .text.w5500_write
                0x00005618       0x84 stack/mqtt/mqtt_interface.o
                0x00005618                w5500_write
 .text.w5500_disconnect
                0x0000569c        0xa stack/mqtt/mqtt_interface.o
                0x0000569c                w5500_disconnect
 .text.expired  0x000056a6       0x3c stack/mqtt/mqtt_interface.o
                0x000056a6                expired
 .text.countdown_ms
                0x000056e2       0x34 stack/mqtt/mqtt_interface.o
                0x000056e2                countdown_ms
 .text.countdown
                0x00005716       0x54 stack/mqtt/mqtt_interface.o
                0x00005716                countdown
 .text.left_ms  0x0000576a       0x38 stack/mqtt/mqtt_interface.o
                0x0000576a                left_ms
 .text.InitTimer
                0x000057a2        0xc stack/mqtt/mqtt_interface.o
                0x000057a2                InitTimer
 .text.NewNetwork
                0x000057ae       0x1c stack/mqtt/mqtt_interface.o
                0x000057ae                NewNetwork
 .text.ConnectNetwork
                0x000057ca       0x3e stack/mqtt/mqtt_interface.o
                0x000057ca                ConnectNetwork
 .text.MQTTSerialize_connectLength
                0x00005808      0x134 stack/mqtt/packet/src/MQTTConnectClient.o
                0x00005808                MQTTSerialize_connectLength
 .text.MQTTSerialize_connect
                0x0000593c      0x1dc stack/mqtt/packet/src/MQTTConnectClient.o
                0x0000593c                MQTTSerialize_connect
 .text.MQTTDeserialize_connack
                0x00005b18       0x8e stack/mqtt/packet/src/MQTTConnectClient.o
                0x00005b18                MQTTDeserialize_connack
 .text.MQTTSerialize_zero
                0x00005ba6       0x64 stack/mqtt/packet/src/MQTTConnectClient.o
                0x00005ba6                MQTTSerialize_zero
 .text.MQTTSerialize_pingreq
                0x00005c0a        0x6 stack/mqtt/packet/src/MQTTConnectClient.o
                0x00005c0a                MQTTSerialize_pingreq
 .text.MQTTDeserialize_publish
                0x00005c10      0x13a stack/mqtt/packet/src/MQTTDeserializePublish.o
                0x00005c10                MQTTDeserialize_publish
 .text.MQTTDeserialize_ack
                0x00005d4a       0x8e stack/mqtt/packet/src/MQTTDeserializePublish.o
                0x00005d4a                MQTTDeserialize_ack
 .text.bufchar  0x00005dd8       0x60 stack/mqtt/packet/src/MQTTPacket.o
                0x00005dd8                bufchar
 .text.MQTTPacket_encode
                0x00005e38       0xae stack/mqtt/packet/src/MQTTPacket.o
                0x00005e38                MQTTPacket_encode
 .text.MQTTPacket_decode
                0x00005ee6      0x10c stack/mqtt/packet/src/MQTTPacket.o
                0x00005ee6                MQTTPacket_decode
 .text.MQTTPacket_len
                0x00005ff2       0x5c stack/mqtt/packet/src/MQTTPacket.o
                0x00005ff2                MQTTPacket_len
 .text.MQTTPacket_decodeBuf
                0x0000604e       0x10 stack/mqtt/packet/src/MQTTPacket.o
                0x0000604e                MQTTPacket_decodeBuf
 .text.readInt  0x0000605e       0x26 stack/mqtt/packet/src/MQTTPacket.o
                0x0000605e                readInt
 .text.readChar
                0x00006084       0x10 stack/mqtt/packet/src/MQTTPacket.o
                0x00006084                readChar
 .text.writeChar
                0x00006094       0x14 stack/mqtt/packet/src/MQTTPacket.o
                0x00006094                writeChar
 .text.writeInt
                0x000060a8       0x5c stack/mqtt/packet/src/MQTTPacket.o
                0x000060a8                writeInt
 .text.writeCString
                0x00006104       0x50 stack/mqtt/packet/src/MQTTPacket.o
                0x00006104                writeCString
 .text.writeMQTTString
                0x00006154       0xa6 stack/mqtt/packet/src/MQTTPacket.o
                0x00006154                writeMQTTString
 .text.readMQTTLenString
                0x000061fa       0x7c stack/mqtt/packet/src/MQTTPacket.o
                0x000061fa                readMQTTLenString
 .text.MQTTstrlen
                0x00006276       0x5c stack/mqtt/packet/src/MQTTPacket.o
                0x00006276                MQTTstrlen
 .text.MQTTPacket_equals
                0x000062d2       0x84 stack/mqtt/packet/src/MQTTPacket.o
                0x000062d2                MQTTPacket_equals
 .text.MQTTSerialize_publishLength
                0x00006356       0x80 stack/mqtt/packet/src/MQTTSerializePublish.o
                0x00006356                MQTTSerialize_publishLength
 .text.MQTTSerialize_publish
                0x000063d6      0x124 stack/mqtt/packet/src/MQTTSerializePublish.o
                0x000063d6                MQTTSerialize_publish
 .text.MQTTSerialize_ack
                0x000064fa       0x98 stack/mqtt/packet/src/MQTTSerializePublish.o
                0x000064fa                MQTTSerialize_ack
 .text.MQTTSerialize_subscribeLength
                0x00006592       0xa6 stack/mqtt/packet/src/MQTTSubscribeClient.o
                0x00006592                MQTTSerialize_subscribeLength
 .text.MQTTSerialize_subscribe
                0x00006638      0x14a stack/mqtt/packet/src/MQTTSubscribeClient.o
                0x00006638                MQTTSerialize_subscribe
 .text.MQTTDeserialize_suback
                0x00006782      0x14c stack/mqtt/packet/src/MQTTSubscribeClient.o
                0x00006782                MQTTDeserialize_suback
 .text.NWK_Init
                0x000068ce       0x2e stack/nwk/src/nwk.o
                0x000068ce                NWK_Init
 .text.NWK_SetAddr
                0x000068fc        0xe stack/nwk/src/nwk.o
                0x000068fc                NWK_SetAddr
 .text.NWK_SetPanId
                0x0000690a        0xe stack/nwk/src/nwk.o
                0x0000690a                NWK_SetPanId
 .text.NWK_OpenEndpoint
                0x00006918       0x12 stack/nwk/src/nwk.o
                0x00006918                NWK_OpenEndpoint
 .text.NWK_TaskHandler
                0x0000692a        0x8 stack/nwk/src/nwk.o
                0x0000692a                NWK_TaskHandler
 .text.nwkDataReqTxConf
                0x00006932       0x46 stack/nwk/src/nwkDataReq.o
 .text.nwkDataReqInit
                0x00006978        0xa stack/nwk/src/nwkDataReq.o
                0x00006978                nwkDataReqInit
 .text.NWK_DataReq
                0x00006982       0x48 stack/nwk/src/nwkDataReq.o
                0x00006982                NWK_DataReq
 .text.nwkDataReqTaskHandler
                0x000069ca      0x146 stack/nwk/src/nwkDataReq.o
                0x000069ca                nwkDataReqTaskHandler
 .text.nwkFrameInit
                0x00006b10       0x16 stack/nwk/src/nwkFrame.o
                0x00006b10                nwkFrameInit
 .text.nwkFrameAlloc
                0x00006b26       0x72 stack/nwk/src/nwkFrame.o
                0x00006b26                nwkFrameAlloc
 .text.nwkFrameFree
                0x00006b98       0x14 stack/nwk/src/nwkFrame.o
                0x00006b98                nwkFrameFree
 .text.nwkFrameNext
                0x00006bac       0x4a stack/nwk/src/nwkFrame.o
                0x00006bac                nwkFrameNext
 .text.nwkFrameCommandInit
                0x00006bf6       0x28 stack/nwk/src/nwkFrame.o
                0x00006bf6                nwkFrameCommandInit
 .text.nwkRouteInit
                0x00006c1e       0x40 stack/nwk/src/nwkRoute.o
                0x00006c1e                nwkRouteInit
 .text.NWK_RouteFindEntry
                0x00006c5e       0x64 stack/nwk/src/nwkRoute.o
                0x00006c5e                NWK_RouteFindEntry
 .text.NWK_RouteNewEntry
                0x00006cc2       0x44 stack/nwk/src/nwkRoute.o
                0x00006cc2                NWK_RouteNewEntry
 .text.NWK_RouteFreeEntry
                0x00006d06       0x14 stack/nwk/src/nwkRoute.o
                0x00006d06                NWK_RouteFreeEntry
 .text.NWK_RouteNextHop
                0x00006d1a       0x14 stack/nwk/src/nwkRoute.o
                0x00006d1a                NWK_RouteNextHop
 .text.nwkRouteRemove
                0x00006d2e        0xa stack/nwk/src/nwkRoute.o
                0x00006d2e                nwkRouteRemove
 .text.nwkRouteFrameReceived
                0x00006d38       0x9e stack/nwk/src/nwkRoute.o
                0x00006d38                nwkRouteFrameReceived
 .text.nwkRouteFrameSent
                0x00006dd6       0x8e stack/nwk/src/nwkRoute.o
                0x00006dd6                nwkRouteFrameSent
 .text.nwkRoutePrepareTx
                0x00006e64       0x3e stack/nwk/src/nwkRoute.o
                0x00006e64                nwkRoutePrepareTx
 .text.nwkRouteFrame
                0x00006ea2       0x98 stack/nwk/src/nwkRoute.o
                0x00006ea2                nwkRouteFrame
 .text.nwkRouteErrorReceived
                0x00006f3a       0x1e stack/nwk/src/nwkRoute.o
                0x00006f3a                nwkRouteErrorReceived
 .text.nwkRxServiceDataInd
                0x00006f58       0x30 stack/nwk/src/nwkRx.o
 .text.nwkRxDuplicateRejectionTimerHandler
                0x00006f88       0x2c stack/nwk/src/nwkRx.o
 .text.nwkRxInit
                0x00006fb4       0x3a stack/nwk/src/nwkRx.o
                0x00006fb4                nwkRxInit
 .text.PHY_DataInd
                0x00006fee       0x54 stack/nwk/src/nwkRx.o
                0x00006fee                PHY_DataInd
 .text.nwkRxTaskHandler
                0x00007042      0x478 stack/nwk/src/nwkRx.o
                0x00007042                nwkRxTaskHandler
 .text.nwkTxDelayTimerHandler
                0x000074ba       0x58 stack/nwk/src/nwkTx.o
 .text.nwkTxAckWaitTimerHandler
                0x00007512       0x64 stack/nwk/src/nwkTx.o
 .text.nwkTxInit
                0x00007576       0x46 stack/nwk/src/nwkTx.o
                0x00007576                nwkTxInit
 .text.nwkTxFrame
                0x000075bc       0x9c stack/nwk/src/nwkTx.o
                0x000075bc                nwkTxFrame
 .text.nwkTxBroadcastFrame
                0x00007658       0x86 stack/nwk/src/nwkTx.o
                0x00007658                nwkTxBroadcastFrame
 .text.nwkTxAckReceived
                0x000076de       0x4a stack/nwk/src/nwkTx.o
                0x000076de                nwkTxAckReceived
 .text.PHY_DataConf
                0x00007728       0x46 stack/nwk/src/nwkTx.o
                0x00007728                PHY_DataConf
 .text.nwkTxTaskHandler
                0x0000776e      0x136 stack/nwk/src/nwkTx.o
                0x0000776e                nwkTxTaskHandler
 .text.phySetChannel
                0x000078a4       0x3c stack/phy/atmega256rfr2/src/phy.o
 .text.phyTrxSetState
                0x000078e0       0x24 stack/phy/atmega256rfr2/src/phy.o
 .text.phySetRxState
                0x00007904       0x18 stack/phy/atmega256rfr2/src/phy.o
 .text.PHY_Init
                0x0000791c       0x2e stack/phy/atmega256rfr2/src/phy.o
                0x0000791c                PHY_Init
 .text.PHY_SetRxState
                0x0000794a        0x8 stack/phy/atmega256rfr2/src/phy.o
                0x0000794a                PHY_SetRxState
 .text.PHY_SetChannel
                0x00007952        0x8 stack/phy/atmega256rfr2/src/phy.o
                0x00007952                PHY_SetChannel
 .text.PHY_SetPanId
                0x0000795a       0x24 stack/phy/atmega256rfr2/src/phy.o
                0x0000795a                PHY_SetPanId
 .text.PHY_SetShortAddr
                0x0000797e       0x2e stack/phy/atmega256rfr2/src/phy.o
                0x0000797e                PHY_SetShortAddr
 .text.PHY_DataReq
                0x000079ac       0x52 stack/phy/atmega256rfr2/src/phy.o
                0x000079ac                PHY_DataReq
 .text.PHY_TaskHandler
                0x000079fe       0xf6 stack/phy/atmega256rfr2/src/phy.o
                0x000079fe                PHY_TaskHandler
 .text.SYS_Init
                0x00007af4        0xe stack/sys/src/sys.o
                0x00007af4                SYS_Init
 .text.SYS_TaskHandler
                0x00007b02        0xa stack/sys/src/sys.o
                0x00007b02                SYS_TaskHandler
 .text.placeTimer
                0x00007b0c       0xc8 stack/sys/src/sysTimer.o
 .text.SYS_TimerInit
                0x00007bd4        0xa stack/sys/src/sysTimer.o
                0x00007bd4                SYS_TimerInit
 .text.SYS_TimerStop
                0x00007bde       0x7a stack/sys/src/sysTimer.o
                0x00007bde                SYS_TimerStop
 .text.SYS_TimerStarted
                0x00007c58       0x34 stack/sys/src/sysTimer.o
                0x00007c58                SYS_TimerStarted
 .text.SYS_TimerStart
                0x00007c8c       0x16 stack/sys/src/sysTimer.o
                0x00007c8c                SYS_TimerStart
 .text.SYS_TimerTaskHandler
                0x00007ca2       0xd6 stack/sys/src/sysTimer.o
                0x00007ca2                SYS_TimerTaskHandler
 .text.libgcc.div
                0x00007d78       0x44 c:/apps/atmel/studio/7.0/toolchain/avr8/avr8-gnu-toolchain/bin/../lib/gcc/avr/5.4.0/avr6\libgcc.a(_udivmodsi4.o)
                0x00007d78                __udivmodsi4
 .text.libgcc   0x00007dbc       0x10 c:/apps/atmel/studio/7.0/toolchain/avr8/avr8-gnu-toolchain/bin/../lib/gcc/avr/5.4.0/avr6\libgcc.a(_tablejump2.o)
                0x00007dbc                __tablejump2__
 .text.libgcc.mul
                0x00007dcc       0x14 c:/apps/atmel/studio/7.0/toolchain/avr8/avr8-gnu-toolchain/bin/../lib/gcc/avr/5.4.0/avr6\libgcc.a(_muluhisi3.o)
                0x00007dcc                __muluhisi3
 .text.libgcc.mul
                0x00007de0       0x1e c:/apps/atmel/studio/7.0/toolchain/avr8/avr8-gnu-toolchain/bin/../lib/gcc/avr/5.4.0/avr6\libgcc.a(_umulhisi3.o)
                0x00007de0                __umulhisi3
 .text.avr-libc
                0x00007dfe       0xaa c:/apps/atmel/studio/7.0/toolchain/avr8/avr8-gnu-toolchain/bin/../lib/gcc/avr/5.4.0/../../../../avr/lib/avr6\libc.a(rand.o)
                0x00007e8a                rand_r
                0x00007e8c                rand
                0x00007e92                srand
 .text.avr-libc
                0x00007ea8       0x12 c:/apps/atmel/studio/7.0/toolchain/avr8/avr8-gnu-toolchain/bin/../lib/gcc/avr/5.4.0/../../../../avr/lib/avr6\libc.a(memcpy.o)
                0x00007ea8                memcpy
 .text.avr-libc
                0x00007eba       0x1c c:/apps/atmel/studio/7.0/toolchain/avr8/avr8-gnu-toolchain/bin/../lib/gcc/avr/5.4.0/../../../../avr/lib/avr6\libc.a(strncmp.o)
                0x00007eba                strncmp
 .text.avr-libc
                0x00007ed6       0x1e c:/apps/atmel/studio/7.0/toolchain/avr8/avr8-gnu-toolchain/bin/../lib/gcc/avr/5.4.0/../../../../avr/lib/avr6\libc.a(strncpy.o)
                0x00007ed6                strncpy
 .text.avr-libc
                0x00007ef4       0x26 c:/apps/atmel/studio/7.0/toolchain/avr8/avr8-gnu-toolchain/bin/../lib/gcc/avr/5.4.0/../../../../avr/lib/avr6\libc.a(printf.o)
                0x00007ef4                printf
 .text.avr-libc
                0x00007f1a       0x4e c:/apps/atmel/studio/7.0/toolchain/avr8/avr8-gnu-toolchain/bin/../lib/gcc/avr/5.4.0/../../../../avr/lib/avr6\libc.a(printf_p.o)
                0x00007f1a                printf_P
 .text.avr-libc
                0x00007f68       0x60 c:/apps/atmel/studio/7.0/toolchain/avr8/avr8-gnu-toolchain/bin/../lib/gcc/avr/5.4.0/../../../../avr/lib/avr6\libc.a(puts.o)
                0x00007f68                puts
 .text.avr-libc
                0x00007fc8      0x3fa c:/apps/atmel/studio/7.0/toolchain/avr8/avr8-gnu-toolchain/bin/../lib/gcc/avr/5.4.0/../../../../avr/lib/avr6\libc.a(vfprintf_std.o)
                0x00007fc8                vfprintf
 .text.avr-libc
                0x000083c2       0x16 c:/apps/atmel/studio/7.0/toolchain/avr8/avr8-gnu-toolchain/bin/../lib/gcc/avr/5.4.0/../../../../avr/lib/avr6\libc.a(strnlen_P.o)
                0x000083c2                strnlen_P
 .text.avr-libc
                0x000083d8       0x16 c:/apps/atmel/studio/7.0/toolchain/avr8/avr8-gnu-toolchain/bin/../lib/gcc/avr/5.4.0/../../../../avr/lib/avr6\libc.a(strnlen.o)
                0x000083d8                strnlen
 .text.avr-libc
                0x000083ee       0x78 c:/apps/atmel/studio/7.0/toolchain/avr8/avr8-gnu-toolchain/bin/../lib/gcc/avr/5.4.0/../../../../avr/lib/avr6\libc.a(fputc.o)
                0x000083ee                fputc
 .text.avr-libc
                0x00008466       0xbc c:/apps/atmel/studio/7.0/toolchain/avr8/avr8-gnu-toolchain/bin/../lib/gcc/avr/5.4.0/../../../../avr/lib/avr6\libc.a(ultoa_invert.o)
                0x00008466                __ultoa_invert
 .text.libgcc.div
                0x00008522       0x28 c:/apps/atmel/studio/7.0/toolchain/avr8/avr8-gnu-toolchain/bin/../lib/gcc/avr/5.4.0/avr6\libgcc.a(_divmodsi4.o)
                0x00008522                __divmodsi4
 .text.libgcc.div
                0x0000854a       0x10 c:/apps/atmel/studio/7.0/toolchain/avr8/avr8-gnu-toolchain/bin/../lib/gcc/avr/5.4.0/avr6\libgcc.a(_negsi2.o)
                0x0000854a                __negsi2
 .text.libgcc.mul
                0x0000855a        0xc c:/apps/atmel/studio/7.0/toolchain/avr8/avr8-gnu-toolchain/bin/../lib/gcc/avr/5.4.0/avr6\libgcc.a(_mulshisi3.o)
                0x0000855a                __mulshisi3
                0x0000855e                __mulohisi3
                0x00008566                . = ALIGN (0x2)
 *(.fini9)
 .fini9         0x00008566        0x0 c:/apps/atmel/studio/7.0/toolchain/avr8/avr8-gnu-toolchain/bin/../lib/gcc/avr/5.4.0/avr6\libgcc.a(_exit.o)
                0x00008566                _exit
                0x00008566                exit
 *(.fini9)
 *(.fini8)
 *(.fini8)
 *(.fini7)
 *(.fini7)
 *(.fini6)
 *(.fini6)
 *(.fini5)
 *(.fini5)
 *(.fini4)
 *(.fini4)
 *(.fini3)
 *(.fini3)
 *(.fini2)
 *(.fini2)
 *(.fini1)
 *(.fini1)
 *(.fini0)
 .fini0         0x00008566        0x4 c:/apps/atmel/studio/7.0/toolchain/avr8/avr8-gnu-toolchain/bin/../lib/gcc/avr/5.4.0/avr6\libgcc.a(_exit.o)
 *(.fini0)
                0x0000856a                _etext = .

.data           0x00800200      0x1ba load address 0x0000856a
                0x00800200                PROVIDE (__data_start, .)
 *(.data)
 .data          0x00800200        0x4 c:/apps/atmel/studio/7.0/toolchain/avr8/avr8-gnu-toolchain/bin/../lib/gcc/avr/5.4.0/../../../../avr/lib/avr6\libc.a(rand.o)
 *(.data*)
 .data.MQTT_targetIP
                0x00800204        0x4 globals.o
                0x00800204                MQTT_targetIP
 .data.netInfo  0x00800208       0x17 globals.o
                0x00800208                netInfo
 .data.uart_str
                0x0080021f        0xe main.o
                0x0080021f                uart_str
 .data.dhcp_ip_conflict
                0x0080022d        0x2 stack/dhcp/dhcp.o
                0x0080022d                dhcp_ip_conflict
 .data.dhcp_ip_update
                0x0080022f        0x2 stack/dhcp/dhcp.o
                0x0080022f                dhcp_ip_update
 .data.dhcp_ip_assign
                0x00800231        0x2 stack/dhcp/dhcp.o
                0x00800231                dhcp_ip_assign
 .data.HOST_NAME
                0x00800233        0x8 stack/dhcp/dhcp.o
                0x00800233                HOST_NAME
 .data.dhcp_tick_next
                0x0080023b        0x4 stack/dhcp/dhcp.o
                0x0080023b                dhcp_tick_next
 .data.dhcp_lease_time
                0x0080023f        0x4 stack/dhcp/dhcp.o
                0x0080023f                dhcp_lease_time
 .data.sock_any_port
                0x00800243        0x2 stack/eth/socket.o
 .data.WIZCHIP  0x00800245       0x18 stack/eth/wizchip_conf.o
                0x00800245                WIZCHIP
 *(.gnu.linkonce.d*)
 *(.rodata)
 .rodata        0x0080025d       0x85 main.o
 .rodata        0x008002e2       0x3b stack/mqtt/MQTTClient.o
 *(.rodata*)
 .rodata.str1.1
                0x0080031d       0x7f main.o
 .rodata.str1.1
                0x0080039c       0x12 stack/dhcp/dhcp.o
 .rodata.str1.1
                0x008003ae        0xc stack/mqtt/packet/src/MQTTConnectClient.o
 *(.gnu.linkonce.r*)
                0x008003ba                . = ALIGN (0x2)
                0x008003ba                _edata = .
                0x008003ba                PROVIDE (__data_end, .)

.bss            0x008003ba     0x20ce
                0x008003ba                PROVIDE (__bss_start, .)
 *(.bss)
 *(.bss*)
 .bss.mqtt_err_cnt.3548
                0x008003ba        0x1 main.o
 .bss.mqtt_pub_count.3547
                0x008003bb        0x4 main.o
 .bss.my_dhcp_retry
                0x008003bf        0x1 main.o
                0x008003bf                my_dhcp_retry
 .bss.appUartBufferPtr
                0x008003c0        0x1 main.o
 .bss.appUartBuffer
                0x008003c1       0x6d main.o
 .bss.appDataReqBuffer
                0x0080042e       0x6d main.o
 .bss.appDataReqBusy
                0x0080049b        0x1 main.o
 .bss.appDataReq
                0x0080049c       0x11 main.o
 .bss.appTimer  0x008004ad        0xd main.o
 .bss.appState  0x008004ba        0x1 main.o
 .bss.dhcp_tick_1s
                0x008004bb        0x4 stack/dhcp/dhcp.o
                0x008004bb                dhcp_tick_1s
 .bss.dhcp_retry_count
                0x008004bf        0x1 stack/dhcp/dhcp.o
                0x008004bf                dhcp_retry_count
 .bss.dhcp_state
                0x008004c0        0x1 stack/dhcp/dhcp.o
                0x008004c0                dhcp_state
 .bss.DHCP_allocated_dns
                0x008004c1        0x4 stack/dhcp/dhcp.o
                0x008004c1                DHCP_allocated_dns
 .bss.DHCP_allocated_sn
                0x008004c5        0x4 stack/dhcp/dhcp.o
                0x008004c5                DHCP_allocated_sn
 .bss.DHCP_allocated_gw
                0x008004c9        0x4 stack/dhcp/dhcp.o
                0x008004c9                DHCP_allocated_gw
 .bss.DHCP_allocated_ip
                0x008004cd        0x4 stack/dhcp/dhcp.o
                0x008004cd                DHCP_allocated_ip
 .bss.OLD_allocated_ip
                0x008004d1        0x4 stack/dhcp/dhcp.o
                0x008004d1                OLD_allocated_ip
 .bss.sock_pack_info
                0x008004d5        0x8 stack/eth/socket.o
                0x008004d5                sock_pack_info
 .bss.sock_remained_size
                0x008004dd       0x10 stack/eth/socket.o
 .bss.sock_is_sending
                0x008004ed        0x2 stack/eth/socket.o
 .bss.sock_io_mode
                0x008004ef        0x2 stack/eth/socket.o
 .bss._DHCP_    0x008004f1        0x1 stack/eth/wizchip_conf.o
 .bss._DNS_     0x008004f2        0x4 stack/eth/wizchip_conf.o
 .bss.halSleepTimerEvent
                0x008004f6        0x1 stack/hal/drivers/atmega256rfr2/src/halSleep.o
 .bss.newData   0x008004f7        0x1 stack/hal/drivers/atmega256rfr2/src/halUart.o
 .bss.udrEmpty  0x008004f8        0x1 stack/hal/drivers/atmega256rfr2/src/halUart.o
 .bss.rxData    0x008004f9      0x191 stack/hal/drivers/atmega256rfr2/src/halUart.o
 .bss.rxFifo    0x0080068a        0xa stack/hal/drivers/atmega256rfr2/src/halUart.o
 .bss.txData    0x00800694      0x191 stack/hal/drivers/atmega256rfr2/src/halUart.o
 .bss.txFifo    0x00800825        0xa stack/hal/drivers/atmega256rfr2/src/halUart.o
 .bss.bufptr    0x0080082f        0x2 stack/mqtt/packet/src/MQTTPacket.o
 .bss.nwkDataReqQueue
                0x00800831        0x2 stack/nwk/src/nwkDataReq.o
 .bss.nwkFrameFrames
                0x00800833     0x100e stack/nwk/src/nwkFrame.o
 .bss.nwkRouteTable
                0x00801841      0x2bc stack/nwk/src/nwkRoute.o
 .bss.nwkRxDuplicateRejectionTimer
                0x00801afd        0xd stack/nwk/src/nwkRx.o
 .bss.nwkRxAckControl
                0x00801b0a        0x1 stack/nwk/src/nwkRx.o
 .bss.nwkRxDuplicateRejectionTable
                0x00801b0b       0x32 stack/nwk/src/nwkRx.o
 .bss.nwkTxDelayTimer
                0x00801b3d        0xd stack/nwk/src/nwkTx.o
 .bss.nwkTxAckWaitTimer
                0x00801b4a        0xd stack/nwk/src/nwkTx.o
 .bss.nwkTxPhyActiveFrame
                0x00801b57        0x2 stack/nwk/src/nwkTx.o
 .bss.phyBand   0x00801b59        0x1 stack/phy/atmega256rfr2/src/phy.o
 .bss.phyChannel
                0x00801b5a        0x1 stack/phy/atmega256rfr2/src/phy.o
 .bss.phyRxState
                0x00801b5b        0x1 stack/phy/atmega256rfr2/src/phy.o
 .bss.phyRxBuffer
                0x00801b5c       0x80 stack/phy/atmega256rfr2/src/phy.o
 .bss.phyState  0x00801bdc        0x1 stack/phy/atmega256rfr2/src/phy.o
 .bss.timers    0x00801bdd        0x2 stack/sys/src/sysTimer.o
 *(COMMON)
 COMMON         0x00801bdf      0x865 main.o
                0x00801bdf                ethBuf1
                0x00801ddf                mqtt_client
                0x00801e18                _millis
                0x00801e1c                mqtt_readBuffer
                0x0080201c                mes_id
                0x0080201e                gDATABUF_DHCP
                0x00802244                ethBuf0
 COMMON         0x00802444       0x11 stack/dhcp/dhcp.o
                0x00802444                DHCP_CHADDR
                0x0080244a                DHCP_XID
                0x0080244e                DHCP_SIP
                0x00802452                pDHCPMSG
                0x00802454                DHCP_SOCKET
 COMMON         0x00802455        0x1 stack/hal/atmega256rfr2/src/halTimer.o
                0x00802455                halTimerIrqCount
 COMMON         0x00802456       0x28 stack/nwk/src/nwk.o
                0x00802456                nwkIb
 COMMON         0x0080247e        0x4 c:/apps/atmel/studio/7.0/toolchain/avr8/avr8-gnu-toolchain/bin/../lib/gcc/avr/5.4.0/../../../../avr/lib/avr6\libc.a(malloc.o)
                0x0080247e                __brkval
                0x00802480                __flp
 COMMON         0x00802482        0x6 c:/apps/atmel/studio/7.0/toolchain/avr8/avr8-gnu-toolchain/bin/../lib/gcc/avr/5.4.0/../../../../avr/lib/avr6\libc.a(iob.o)
                0x00802482                __iob
                0x00802488                PROVIDE (__bss_end, .)
                0x0000856a                __data_load_start = LOADADDR (.data)
                0x00008724                __data_load_end = (__data_load_start + SIZEOF (.data))

.noinit         0x00802488        0x1
                [!provide]                PROVIDE (__noinit_start, .)
 *(.noinit*)
 .noinit        0x00802488        0x1 main.o
                0x00802488                mcucsr_mirror
                [!provide]                PROVIDE (__noinit_end, .)
                0x00802489                _end = .
                0x00802489                PROVIDE (__heap_start, .)

.eeprom         0x00810000        0x0
 *(.eeprom*)
                0x00810000                __eeprom_end = .

.fuse
 *(.fuse)
 *(.lfuse)
 *(.hfuse)
 *(.efuse)

.lock
 *(.lock*)

.signature
 *(.signature*)

.user_signatures
 *(.user_signatures*)

.stab
 *(.stab)

.stabstr
 *(.stabstr)

.stab.excl
 *(.stab.excl)

.stab.exclstr
 *(.stab.exclstr)

.stab.index
 *(.stab.index)

.stab.indexstr
 *(.stab.indexstr)

.comment        0x00000000       0x5c
 *(.comment)
 .comment       0x00000000       0x30 globals.o
                                 0x31 (size before relaxing)
 .comment       0x00000030       0x31 main.o
 .comment       0x00000030       0x31 stack/app/loopback/loopback.o
 .comment       0x00000030       0x31 stack/dhcp/dhcp.o
 .comment       0x00000030       0x31 stack/eth/socket.o
 .comment       0x00000030       0x31 stack/eth/W5500/w5500.o
 .comment       0x00000030       0x31 stack/eth/wizchip_conf.o
 .comment       0x00000030       0x31 stack/hal/atmega256rfr2/src/hal.o
 .comment       0x00000030       0x31 stack/hal/atmega256rfr2/src/halTimer.o
 .comment       0x00000030       0x31 stack/hal/drivers/atmega256rfr2/src/halSleep.o
 .comment       0x00000030       0x31 stack/hal/drivers/atmega256rfr2/src/halUart.o
 .comment       0x00000030       0x31 stack/hal/drivers/atmega256rfr2/src/spi.o
 .comment       0x00000030       0x31 stack/mqtt/MQTTClient.o
 .comment       0x00000030       0x31 stack/mqtt/mqtt_interface.o
 .comment       0x00000030       0x31 stack/mqtt/packet/src/MQTTConnectClient.o
 .comment       0x00000030       0x31 stack/mqtt/packet/src/MQTTDeserializePublish.o
 .comment       0x00000030       0x31 stack/mqtt/packet/src/MQTTPacket.o
 .comment       0x00000030       0x31 stack/mqtt/packet/src/MQTTSerializePublish.o
 .comment       0x00000030       0x31 stack/mqtt/packet/src/MQTTSubscribeClient.o
 .comment       0x00000030       0x31 stack/nwk/src/nwk.o
 .comment       0x00000030       0x31 stack/nwk/src/nwkDataReq.o
 .comment       0x00000030       0x31 stack/nwk/src/nwkFrame.o
 .comment       0x00000030       0x31 stack/nwk/src/nwkRoute.o
 .comment       0x00000030       0x31 stack/nwk/src/nwkRx.o
 .comment       0x00000030       0x31 stack/nwk/src/nwkTx.o
 .comment       0x00000030       0x31 stack/phy/atmega256rfr2/src/phy.o
 .comment       0x00000030       0x31 stack/sys/src/sys.o
 .comment       0x00000030       0x31 stack/sys/src/sysTimer.o
 .comment       0x00000030       0x31 c:/apps/atmel/studio/7.0/toolchain/avr8/avr8-gnu-toolchain/bin/../lib/gcc/avr/5.4.0/../../../../avr/lib/avr6\libc.a(malloc.o)
 .comment       0x00000030       0x31 c:/apps/atmel/studio/7.0/toolchain/avr8/avr8-gnu-toolchain/bin/../lib/gcc/avr/5.4.0/../../../../avr/lib/avr6\libc.a(rand.o)
 .comment       0x00000030       0x31 c:/apps/atmel/studio/7.0/toolchain/avr8/avr8-gnu-toolchain/bin/../lib/gcc/avr/5.4.0/../../../../avr/lib/avr6\libc.a(iob.o)
 .comment       0x00000030       0x31 c:/apps/atmel/studio/7.0/toolchain/avr8/avr8-gnu-toolchain/bin/../lib/gcc/avr/5.4.0/../../../../avr/lib/avr6\libc.a(printf.o)
 .comment       0x00000030       0x31 c:/apps/atmel/studio/7.0/toolchain/avr8/avr8-gnu-toolchain/bin/../lib/gcc/avr/5.4.0/../../../../avr/lib/avr6\libc.a(printf_p.o)
 .comment       0x00000030       0x31 c:/apps/atmel/studio/7.0/toolchain/avr8/avr8-gnu-toolchain/bin/../lib/gcc/avr/5.4.0/../../../../avr/lib/avr6\libc.a(puts.o)
 .comment       0x00000030       0x2c c:/apps/atmel/studio/7.0/toolchain/avr8/avr8-gnu-toolchain/bin/../lib/gcc/avr/5.4.0/../../../../avr/lib/avr6\libc.a(vfprintf_std.o)
                                 0x2d (size before relaxing)
 .comment       0x0000005c       0x31 c:/apps/atmel/studio/7.0/toolchain/avr8/avr8-gnu-toolchain/bin/../lib/gcc/avr/5.4.0/../../../../avr/lib/avr6\libc.a(fputc.o)

.note.gnu.avr.deviceinfo
                0x00000000       0x40
 .note.gnu.avr.deviceinfo
                0x00000000       0x40 c:/apps/atmel/studio/7.0/toolchain/avr8/avr8-gnu-toolchain/bin/../lib/gcc/avr/5.4.0/../../../../avr/lib/avr6/crtatmega256rfr2.o

.note.gnu.build-id
 *(.note.gnu.build-id)

.debug
 *(.debug)

.line
 *(.line)

.debug_srcinfo
 *(.debug_srcinfo)

.debug_sfnames
 *(.debug_sfnames)

.debug_aranges  0x00000000      0xaa0
 *(.debug_aranges)
 .debug_aranges
                0x00000000       0x18 globals.o
 .debug_aranges
                0x00000018       0xf8 main.o
 .debug_aranges
                0x00000110       0x30 stack/app/loopback/loopback.o
 .debug_aranges
                0x00000140       0xc8 stack/dhcp/dhcp.o
 .debug_aranges
                0x00000208       0x78 stack/eth/socket.o
 .debug_aranges
                0x00000280       0x60 stack/eth/W5500/w5500.o
 .debug_aranges
                0x000002e0      0x138 stack/eth/wizchip_conf.o
 .debug_aranges
                0x00000418       0x28 stack/hal/atmega256rfr2/src/hal.o
 .debug_aranges
                0x00000440       0x30 stack/hal/atmega256rfr2/src/halTimer.o
 .debug_aranges
                0x00000470       0x28 stack/hal/drivers/atmega256rfr2/src/halSleep.o
 .debug_aranges
                0x00000498       0x50 stack/hal/drivers/atmega256rfr2/src/halUart.o
 .debug_aranges
                0x000004e8       0x20 stack/hal/drivers/atmega256rfr2/src/spi.o
 .debug_aranges
                0x00000508       0xa0 stack/mqtt/MQTTClient.o
 .debug_aranges
                0x000005a8       0x68 stack/mqtt/mqtt_interface.o
 .debug_aranges
                0x00000610       0x48 stack/mqtt/packet/src/MQTTConnectClient.o
 .debug_aranges
                0x00000658       0x28 stack/mqtt/packet/src/MQTTDeserializePublish.o
 .debug_aranges
                0x00000680       0xa0 stack/mqtt/packet/src/MQTTPacket.o
 .debug_aranges
                0x00000720       0x48 stack/mqtt/packet/src/MQTTSerializePublish.o
 .debug_aranges
                0x00000768       0x30 stack/mqtt/packet/src/MQTTSubscribeClient.o
 .debug_aranges
                0x00000798       0x70 stack/nwk/src/nwk.o
 .debug_aranges
                0x00000808       0x38 stack/nwk/src/nwkDataReq.o
 .debug_aranges
                0x00000840       0x40 stack/nwk/src/nwkFrame.o
 .debug_aranges
                0x00000880       0x80 stack/nwk/src/nwkRoute.o
 .debug_aranges
                0x00000900       0x48 stack/nwk/src/nwkRx.o
 .debug_aranges
                0x00000948       0x60 stack/nwk/src/nwkTx.o
 .debug_aranges
                0x000009a8       0x88 stack/phy/atmega256rfr2/src/phy.o
 .debug_aranges
                0x00000a30       0x28 stack/sys/src/sys.o
 .debug_aranges
                0x00000a58       0x48 stack/sys/src/sysTimer.o

.debug_pubnames
 *(.debug_pubnames)

.debug_info     0x00000000    0x10e99
 *(.debug_info .gnu.linkonce.wi.*)
 .debug_info    0x00000000     0x13e6 c:/apps/atmel/studio/7.0/toolchain/avr8/avr8-gnu-toolchain/bin/../lib/gcc/avr/5.4.0/../../../../avr/lib/avr6/crtatmega256rfr2.o
 .debug_info    0x000013e6      0x143 globals.o
 .debug_info    0x00001529     0x1d64 main.o
 .debug_info    0x0000328d      0x5cb stack/app/loopback/loopback.o
 .debug_info    0x00003858      0xff0 stack/dhcp/dhcp.o
 .debug_info    0x00004848     0x182e stack/eth/socket.o
 .debug_info    0x00006076      0x9ed stack/eth/W5500/w5500.o
 .debug_info    0x00006a63     0x1695 stack/eth/wizchip_conf.o
 .debug_info    0x000080f8      0x128 stack/hal/atmega256rfr2/src/hal.o
 .debug_info    0x00008220       0xe4 stack/hal/atmega256rfr2/src/halTimer.o
 .debug_info    0x00008304      0x184 stack/hal/drivers/atmega256rfr2/src/halSleep.o
 .debug_info    0x00008488      0x434 stack/hal/drivers/atmega256rfr2/src/halUart.o
 .debug_info    0x000088bc       0x8a stack/hal/drivers/atmega256rfr2/src/spi.o
 .debug_info    0x00008946     0x1a80 stack/mqtt/MQTTClient.o
 .debug_info    0x0000a3c6      0x508 stack/mqtt/mqtt_interface.o
 .debug_info    0x0000a8ce      0x9f5 stack/mqtt/packet/src/MQTTConnectClient.o
 .debug_info    0x0000b2c3      0x493 stack/mqtt/packet/src/MQTTDeserializePublish.o
 .debug_info    0x0000b756      0xab7 stack/mqtt/packet/src/MQTTPacket.o
 .debug_info    0x0000c20d      0x716 stack/mqtt/packet/src/MQTTSerializePublish.o
 .debug_info    0x0000c923      0x5bc stack/mqtt/packet/src/MQTTSubscribeClient.o
 .debug_info    0x0000cedf      0x4ce stack/nwk/src/nwk.o
 .debug_info    0x0000d3ad      0x785 stack/nwk/src/nwkDataReq.o
 .debug_info    0x0000db32      0x572 stack/nwk/src/nwkFrame.o
 .debug_info    0x0000e0a4      0xb52 stack/nwk/src/nwkRoute.o
 .debug_info    0x0000ebf6      0xc34 stack/nwk/src/nwkRx.o
 .debug_info    0x0000f82a      0xa26 stack/nwk/src/nwkTx.o
 .debug_info    0x00010250      0x7c4 stack/phy/atmega256rfr2/src/phy.o
 .debug_info    0x00010a14      0x140 stack/sys/src/sys.o
 .debug_info    0x00010b54      0x345 stack/sys/src/sysTimer.o

.debug_abbrev   0x00000000     0x4a4e
 *(.debug_abbrev)
 .debug_abbrev  0x00000000     0x12d6 c:/apps/atmel/studio/7.0/toolchain/avr8/avr8-gnu-toolchain/bin/../lib/gcc/avr/5.4.0/../../../../avr/lib/avr6/crtatmega256rfr2.o
 .debug_abbrev  0x000012d6       0xa8 globals.o
 .debug_abbrev  0x0000137e      0x512 main.o
 .debug_abbrev  0x00001890      0x162 stack/app/loopback/loopback.o
 .debug_abbrev  0x000019f2      0x258 stack/dhcp/dhcp.o
 .debug_abbrev  0x00001c4a      0x196 stack/eth/socket.o
 .debug_abbrev  0x00001de0      0x247 stack/eth/W5500/w5500.o
 .debug_abbrev  0x00002027      0x30b stack/eth/wizchip_conf.o
 .debug_abbrev  0x00002332       0xc3 stack/hal/atmega256rfr2/src/hal.o
 .debug_abbrev  0x000023f5       0xaa stack/hal/atmega256rfr2/src/halTimer.o
 .debug_abbrev  0x0000249f       0xd5 stack/hal/drivers/atmega256rfr2/src/halSleep.o
 .debug_abbrev  0x00002574      0x1cc stack/hal/drivers/atmega256rfr2/src/halUart.o
 .debug_abbrev  0x00002740       0x51 stack/hal/drivers/atmega256rfr2/src/spi.o
 .debug_abbrev  0x00002791      0x371 stack/mqtt/MQTTClient.o
 .debug_abbrev  0x00002b02      0x15a stack/mqtt/mqtt_interface.o
 .debug_abbrev  0x00002c5c      0x1e0 stack/mqtt/packet/src/MQTTConnectClient.o
 .debug_abbrev  0x00002e3c      0x191 stack/mqtt/packet/src/MQTTDeserializePublish.o
 .debug_abbrev  0x00002fcd      0x382 stack/mqtt/packet/src/MQTTPacket.o
 .debug_abbrev  0x0000334f      0x1a6 stack/mqtt/packet/src/MQTTSerializePublish.o
 .debug_abbrev  0x000034f5      0x1ac stack/mqtt/packet/src/MQTTSubscribeClient.o
 .debug_abbrev  0x000036a1      0x1b5 stack/nwk/src/nwk.o
 .debug_abbrev  0x00003856      0x27f stack/nwk/src/nwkDataReq.o
 .debug_abbrev  0x00003ad5      0x183 stack/nwk/src/nwkFrame.o
 .debug_abbrev  0x00003c58      0x332 stack/nwk/src/nwkRoute.o
 .debug_abbrev  0x00003f8a      0x38a stack/nwk/src/nwkRx.o
 .debug_abbrev  0x00004314      0x30c stack/nwk/src/nwkTx.o
 .debug_abbrev  0x00004620      0x230 stack/phy/atmega256rfr2/src/phy.o
 .debug_abbrev  0x00004850       0x63 stack/sys/src/sys.o
 .debug_abbrev  0x000048b3      0x19b stack/sys/src/sysTimer.o

.debug_line     0x00000000     0x70a6
 *(.debug_line .debug_line.* .debug_line_end)
 .debug_line    0x00000000       0x1a c:/apps/atmel/studio/7.0/toolchain/avr8/avr8-gnu-toolchain/bin/../lib/gcc/avr/5.4.0/../../../../avr/lib/avr6/crtatmega256rfr2.o
 .debug_line    0x0000001a       0xa0 globals.o
 .debug_line    0x000000ba      0xad8 main.o
 .debug_line    0x00000b92      0x35b stack/app/loopback/loopback.o
 .debug_line    0x00000eed      0xc66 stack/dhcp/dhcp.o
 .debug_line    0x00001b53      0xb86 stack/eth/socket.o
 .debug_line    0x000026d9      0x3e2 stack/eth/W5500/w5500.o
 .debug_line    0x00002abb      0x9df stack/eth/wizchip_conf.o
 .debug_line    0x0000349a      0x167 stack/hal/atmega256rfr2/src/hal.o
 .debug_line    0x00003601      0x11e stack/hal/atmega256rfr2/src/halTimer.o
 .debug_line    0x0000371f      0x1cc stack/hal/drivers/atmega256rfr2/src/halSleep.o
 .debug_line    0x000038eb      0x2ef stack/hal/drivers/atmega256rfr2/src/halUart.o
 .debug_line    0x00003bda       0xd1 stack/hal/drivers/atmega256rfr2/src/spi.o
 .debug_line    0x00003cab      0x860 stack/mqtt/MQTTClient.o
 .debug_line    0x0000450b      0x267 stack/mqtt/mqtt_interface.o
 .debug_line    0x00004772      0x2ea stack/mqtt/packet/src/MQTTConnectClient.o
 .debug_line    0x00004a5c      0x17b stack/mqtt/packet/src/MQTTDeserializePublish.o
 .debug_line    0x00004bd7      0x511 stack/mqtt/packet/src/MQTTPacket.o
 .debug_line    0x000050e8      0x1ec stack/mqtt/packet/src/MQTTSerializePublish.o
 .debug_line    0x000052d4      0x1d8 stack/mqtt/packet/src/MQTTSubscribeClient.o
 .debug_line    0x000054ac      0x29c stack/nwk/src/nwk.o
 .debug_line    0x00005748      0x23d stack/nwk/src/nwkDataReq.o
 .debug_line    0x00005985      0x1c2 stack/nwk/src/nwkFrame.o
 .debug_line    0x00005b47      0x47d stack/nwk/src/nwkRoute.o
 .debug_line    0x00005fc4      0x4a5 stack/nwk/src/nwkRx.o
 .debug_line    0x00006469      0x4bb stack/nwk/src/nwkTx.o
 .debug_line    0x00006924      0x3cf stack/phy/atmega256rfr2/src/phy.o
 .debug_line    0x00006cf3      0x108 stack/sys/src/sys.o
 .debug_line    0x00006dfb      0x2ab stack/sys/src/sysTimer.o

.debug_frame    0x00000000     0x2910
 *(.debug_frame)
 .debug_frame   0x00000000      0x324 main.o
 .debug_frame   0x00000324      0x198 stack/app/loopback/loopback.o
 .debug_frame   0x000004bc      0x2a8 stack/dhcp/dhcp.o
 .debug_frame   0x00000764      0x3d4 stack/eth/socket.o
 .debug_frame   0x00000b38      0x320 stack/eth/W5500/w5500.o
 .debug_frame   0x00000e58      0x31c stack/eth/wizchip_conf.o
 .debug_frame   0x00001174       0x34 stack/hal/atmega256rfr2/src/hal.o
 .debug_frame   0x000011a8       0x54 stack/hal/atmega256rfr2/src/halTimer.o
 .debug_frame   0x000011fc       0x50 stack/hal/drivers/atmega256rfr2/src/halSleep.o
 .debug_frame   0x0000124c       0xf4 stack/hal/drivers/atmega256rfr2/src/halUart.o
 .debug_frame   0x00001340       0x24 stack/hal/drivers/atmega256rfr2/src/spi.o
 .debug_frame   0x00001364      0x4f0 stack/mqtt/MQTTClient.o
 .debug_frame   0x00001854      0x1a0 stack/mqtt/mqtt_interface.o
 .debug_frame   0x000019f4      0x130 stack/mqtt/packet/src/MQTTConnectClient.o
 .debug_frame   0x00001b24       0xc4 stack/mqtt/packet/src/MQTTDeserializePublish.o
 .debug_frame   0x00001be8      0x320 stack/mqtt/packet/src/MQTTPacket.o
 .debug_frame   0x00001f08      0x15c stack/mqtt/packet/src/MQTTSerializePublish.o
 .debug_frame   0x00002064      0x144 stack/mqtt/packet/src/MQTTSubscribeClient.o
 .debug_frame   0x000021a8       0xd4 stack/nwk/src/nwk.o
 .debug_frame   0x0000227c       0x68 stack/nwk/src/nwkDataReq.o
 .debug_frame   0x000022e4       0x64 stack/nwk/src/nwkFrame.o
 .debug_frame   0x00002348      0x174 stack/nwk/src/nwkRoute.o
 .debug_frame   0x000024bc       0xe0 stack/nwk/src/nwkRx.o
 .debug_frame   0x0000259c      0x144 stack/nwk/src/nwkTx.o
 .debug_frame   0x000026e0      0x13c stack/phy/atmega256rfr2/src/phy.o
 .debug_frame   0x0000281c       0x34 stack/sys/src/sys.o
 .debug_frame   0x00002850       0xc0 stack/sys/src/sysTimer.o

.debug_str      0x00000000     0x3d2e
 *(.debug_str)
 .debug_str     0x00000000      0x7f7 c:/apps/atmel/studio/7.0/toolchain/avr8/avr8-gnu-toolchain/bin/../lib/gcc/avr/5.4.0/../../../../avr/lib/avr6/crtatmega256rfr2.o
 .debug_str     0x000007f7      0x18e globals.o
                                0x1c2 (size before relaxing)
 .debug_str     0x00000985      0xb7c main.o
                                0xe06 (size before relaxing)
 .debug_str     0x00001501       0xa3 stack/app/loopback/loopback.o
                                0x260 (size before relaxing)
 .debug_str     0x000015a4      0x626 stack/dhcp/dhcp.o
                                0x912 (size before relaxing)
 .debug_str     0x00001bca      0x26c stack/eth/socket.o
                                0x47b (size before relaxing)
 .debug_str     0x00001e36       0xae stack/eth/W5500/w5500.o
                                0x2d1 (size before relaxing)
 .debug_str     0x00001ee4      0x464 stack/eth/wizchip_conf.o
                                0x8d5 (size before relaxing)
 .debug_str     0x00002348       0x55 stack/hal/atmega256rfr2/src/hal.o
                                0x1c2 (size before relaxing)
 .debug_str     0x0000239d       0x47 stack/hal/atmega256rfr2/src/halTimer.o
                                0x1bc (size before relaxing)
 .debug_str     0x000023e4       0x97 stack/hal/drivers/atmega256rfr2/src/halSleep.o
                                0x207 (size before relaxing)
 .debug_str     0x0000247b       0xb4 stack/hal/drivers/atmega256rfr2/src/halUart.o
                                0x2cb (size before relaxing)
 .debug_str     0x0000252f       0x2d stack/hal/drivers/atmega256rfr2/src/spi.o
                                0x18e (size before relaxing)
 .debug_str     0x0000255c      0x3cf stack/mqtt/MQTTClient.o
                                0x847 (size before relaxing)
 .debug_str     0x0000292b       0x53 stack/mqtt/mqtt_interface.o
                                0x2bd (size before relaxing)
 .debug_str     0x0000297e      0x130 stack/mqtt/packet/src/MQTTConnectClient.o
                                0x529 (size before relaxing)
 .debug_str     0x00002aae       0x4c stack/mqtt/packet/src/MQTTDeserializePublish.o
                                0x338 (size before relaxing)
 .debug_str     0x00002afa       0xdd stack/mqtt/packet/src/MQTTPacket.o
                                0x3e0 (size before relaxing)
 .debug_str     0x00002bd7       0x8c stack/mqtt/packet/src/MQTTSerializePublish.o
                                0x3f0 (size before relaxing)
 .debug_str     0x00002c63       0x7d stack/mqtt/packet/src/MQTTSubscribeClient.o
                                0x3f2 (size before relaxing)
 .debug_str     0x00002ce0      0x152 stack/nwk/src/nwk.o
                                0x349 (size before relaxing)
 .debug_str     0x00002e32      0x293 stack/nwk/src/nwkDataReq.o
                                0x578 (size before relaxing)
 .debug_str     0x000030c5       0x61 stack/nwk/src/nwkFrame.o
                                0x417 (size before relaxing)
 .debug_str     0x00003126      0x1fa stack/nwk/src/nwkRoute.o
                                0x621 (size before relaxing)
 .debug_str     0x00003320      0x2b6 stack/nwk/src/nwkRx.o
                                0x75a (size before relaxing)
 .debug_str     0x000035d6      0x1c7 stack/nwk/src/nwkTx.o
                                0x6ea (size before relaxing)
 .debug_str     0x0000379d      0x510 stack/phy/atmega256rfr2/src/phy.o
                                0x789 (size before relaxing)
 .debug_str     0x00003cad       0x3a stack/sys/src/sys.o
                                0x1e4 (size before relaxing)
 .debug_str     0x00003ce7       0x47 stack/sys/src/sysTimer.o
                                0x279 (size before relaxing)

.debug_loc      0x00000000     0xda2c
 *(.debug_loc)
 .debug_loc     0x00000000      0xb44 main.o
 .debug_loc     0x00000b44      0x82c stack/app/loopback/loopback.o
 .debug_loc     0x00001370     0x108c stack/dhcp/dhcp.o
 .debug_loc     0x000023fc     0x1d64 stack/eth/socket.o
 .debug_loc     0x00004160      0xd5e stack/eth/W5500/w5500.o
 .debug_loc     0x00004ebe     0x10b3 stack/eth/wizchip_conf.o
 .debug_loc     0x00005f71       0x21 stack/hal/atmega256rfr2/src/hal.o
 .debug_loc     0x00005f92       0x62 stack/hal/atmega256rfr2/src/halTimer.o
 .debug_loc     0x00005ff4      0x179 stack/hal/drivers/atmega256rfr2/src/halSleep.o
 .debug_loc     0x0000616d      0x231 stack/hal/drivers/atmega256rfr2/src/halUart.o
 .debug_loc     0x0000639e     0x1f79 stack/mqtt/MQTTClient.o
 .debug_loc     0x00008317      0x73d stack/mqtt/mqtt_interface.o
 .debug_loc     0x00008a54      0x76b stack/mqtt/packet/src/MQTTConnectClient.o
 .debug_loc     0x000091bf      0x539 stack/mqtt/packet/src/MQTTDeserializePublish.o
 .debug_loc     0x000096f8     0x1346 stack/mqtt/packet/src/MQTTPacket.o
 .debug_loc     0x0000aa3e      0x8b0 stack/mqtt/packet/src/MQTTSerializePublish.o
 .debug_loc     0x0000b2ee      0x837 stack/mqtt/packet/src/MQTTSubscribeClient.o
 .debug_loc     0x0000bb25      0x14d stack/nwk/src/nwk.o
 .debug_loc     0x0000bc72      0x137 stack/nwk/src/nwkDataReq.o
 .debug_loc     0x0000bda9       0xe2 stack/nwk/src/nwkFrame.o
 .debug_loc     0x0000be8b      0x875 stack/nwk/src/nwkRoute.o
 .debug_loc     0x0000c700      0x543 stack/nwk/src/nwkRx.o
 .debug_loc     0x0000cc43      0x691 stack/nwk/src/nwkTx.o
 .debug_loc     0x0000d2d4      0x32a stack/phy/atmega256rfr2/src/phy.o
 .debug_loc     0x0000d5fe      0x42e stack/sys/src/sysTimer.o

.debug_macinfo
 *(.debug_macinfo)

.debug_weaknames
 *(.debug_weaknames)

.debug_funcnames
 *(.debug_funcnames)

.debug_typenames
 *(.debug_typenames)

.debug_varnames
 *(.debug_varnames)

.debug_pubtypes
 *(.debug_pubtypes)

.debug_ranges   0x00000000      0xac8
 *(.debug_ranges)
 .debug_ranges  0x00000000      0x100 main.o
 .debug_ranges  0x00000100       0x20 stack/app/loopback/loopback.o
 .debug_ranges  0x00000120       0xb8 stack/dhcp/dhcp.o
 .debug_ranges  0x000001d8       0x80 stack/eth/socket.o
 .debug_ranges  0x00000258       0x50 stack/eth/W5500/w5500.o
 .debug_ranges  0x000002a8      0x128 stack/eth/wizchip_conf.o
 .debug_ranges  0x000003d0       0x18 stack/hal/atmega256rfr2/src/hal.o
 .debug_ranges  0x000003e8       0x20 stack/hal/atmega256rfr2/src/halTimer.o
 .debug_ranges  0x00000408       0x30 stack/hal/drivers/atmega256rfr2/src/halSleep.o
 .debug_ranges  0x00000438       0x40 stack/hal/drivers/atmega256rfr2/src/halUart.o
 .debug_ranges  0x00000478       0x10 stack/hal/drivers/atmega256rfr2/src/spi.o
 .debug_ranges  0x00000488      0x120 stack/mqtt/MQTTClient.o
 .debug_ranges  0x000005a8       0x58 stack/mqtt/mqtt_interface.o
 .debug_ranges  0x00000600       0x38 stack/mqtt/packet/src/MQTTConnectClient.o
 .debug_ranges  0x00000638       0x18 stack/mqtt/packet/src/MQTTDeserializePublish.o
 .debug_ranges  0x00000650       0xa8 stack/mqtt/packet/src/MQTTPacket.o
 .debug_ranges  0x000006f8       0x38 stack/mqtt/packet/src/MQTTSerializePublish.o
 .debug_ranges  0x00000730       0x20 stack/mqtt/packet/src/MQTTSubscribeClient.o
 .debug_ranges  0x00000750       0x60 stack/nwk/src/nwk.o
 .debug_ranges  0x000007b0       0x28 stack/nwk/src/nwkDataReq.o
 .debug_ranges  0x000007d8       0x30 stack/nwk/src/nwkFrame.o
 .debug_ranges  0x00000808       0x88 stack/nwk/src/nwkRoute.o
 .debug_ranges  0x00000890       0xd0 stack/nwk/src/nwkRx.o
 .debug_ranges  0x00000960       0x68 stack/nwk/src/nwkTx.o
 .debug_ranges  0x000009c8       0x78 stack/phy/atmega256rfr2/src/phy.o
 .debug_ranges  0x00000a40       0x18 stack/sys/src/sys.o
 .debug_ranges  0x00000a58       0x70 stack/sys/src/sysTimer.o

.debug_macro
 *(.debug_macro)
OUTPUT(LWM_MSSY.elf elf32-avr)
LOAD linker stubs
