Archive member included to satisfy reference by file (symbol)

c:/apps/atmel/studio/7.0/toolchain/avr8/avr8-gnu-toolchain/bin/../lib/gcc/avr/5.4.0/avr6\libgcc.a(_udivmodsi4.o)
                              stack/hal/drivers/atmega256rfr2/src/halSleep.o (__udivmodsi4)
c:/apps/atmel/studio/7.0/toolchain/avr8/avr8-gnu-toolchain/bin/../lib/gcc/avr/5.4.0/avr6\libgcc.a(_exit.o)
                              c:/apps/atmel/studio/7.0/toolchain/avr8/avr8-gnu-toolchain/bin/../lib/gcc/avr/5.4.0/../../../../avr/lib/avr6/crtatmega256rfr2.o (exit)
c:/apps/atmel/studio/7.0/toolchain/avr8/avr8-gnu-toolchain/bin/../lib/gcc/avr/5.4.0/avr6\libgcc.a(_tablejump2.o)
                              stack/eth/socket.o (__tablejump2__)
c:/apps/atmel/studio/7.0/toolchain/avr8/avr8-gnu-toolchain/bin/../lib/gcc/avr/5.4.0/avr6\libgcc.a(_copy_data.o)
                              globals.o (__do_copy_data)
c:/apps/atmel/studio/7.0/toolchain/avr8/avr8-gnu-toolchain/bin/../lib/gcc/avr/5.4.0/avr6\libgcc.a(_clear_bss.o)
                              main.o (__do_clear_bss)
c:/apps/atmel/studio/7.0/toolchain/avr8/avr8-gnu-toolchain/bin/../lib/gcc/avr/5.4.0/avr6\libgcc.a(_muluhisi3.o)
                              stack/mqtt/MQTTClient.o (__muluhisi3)
c:/apps/atmel/studio/7.0/toolchain/avr8/avr8-gnu-toolchain/bin/../lib/gcc/avr/5.4.0/avr6\libgcc.a(_umulhisi3.o)
                              c:/apps/atmel/studio/7.0/toolchain/avr8/avr8-gnu-toolchain/bin/../lib/gcc/avr/5.4.0/avr6\libgcc.a(_muluhisi3.o) (__umulhisi3)
c:/apps/atmel/studio/7.0/toolchain/avr8/avr8-gnu-toolchain/bin/../lib/gcc/avr/5.4.0/../../../../avr/lib/avr6\libc.a(malloc.o)
                              main.o (__brkval)
c:/apps/atmel/studio/7.0/toolchain/avr8/avr8-gnu-toolchain/bin/../lib/gcc/avr/5.4.0/../../../../avr/lib/avr6\libc.a(rand.o)
                              stack/nwk/src/nwkTx.o (rand)
c:/apps/atmel/studio/7.0/toolchain/avr8/avr8-gnu-toolchain/bin/../lib/gcc/avr/5.4.0/../../../../avr/lib/avr6\libc.a(memcmp.o)
                              stack/mqtt/packet/src/MQTTConnectServer.o (memcmp)
c:/apps/atmel/studio/7.0/toolchain/avr8/avr8-gnu-toolchain/bin/../lib/gcc/avr/5.4.0/../../../../avr/lib/avr6\libc.a(memcpy.o)
                              stack/mqtt/packet/src/MQTTPacket.o (memcpy)
c:/apps/atmel/studio/7.0/toolchain/avr8/avr8-gnu-toolchain/bin/../lib/gcc/avr/5.4.0/../../../../avr/lib/avr6\libc.a(strncmp.o)
                              stack/mqtt/packet/src/MQTTPacket.o (strncmp)
c:/apps/atmel/studio/7.0/toolchain/avr8/avr8-gnu-toolchain/bin/../lib/gcc/avr/5.4.0/../../../../avr/lib/avr6\libc.a(strncpy.o)
                              main.o (strncpy)
c:/apps/atmel/studio/7.0/toolchain/avr8/avr8-gnu-toolchain/bin/../lib/gcc/avr/5.4.0/../../../../avr/lib/avr6\libc.a(iob.o)
                              main.o (__iob)
c:/apps/atmel/studio/7.0/toolchain/avr8/avr8-gnu-toolchain/bin/../lib/gcc/avr/5.4.0/../../../../avr/lib/avr6\libc.a(printf.o)
                              main.o (printf)
c:/apps/atmel/studio/7.0/toolchain/avr8/avr8-gnu-toolchain/bin/../lib/gcc/avr/5.4.0/../../../../avr/lib/avr6\libc.a(printf_p.o)
                              main.o (printf_P)
c:/apps/atmel/studio/7.0/toolchain/avr8/avr8-gnu-toolchain/bin/../lib/gcc/avr/5.4.0/../../../../avr/lib/avr6\libc.a(snprintf.o)
                              stack/mqtt/packet/src/MQTTFormat.o (snprintf)
c:/apps/atmel/studio/7.0/toolchain/avr8/avr8-gnu-toolchain/bin/../lib/gcc/avr/5.4.0/../../../../avr/lib/avr6\libc.a(vfprintf_std.o)
                              c:/apps/atmel/studio/7.0/toolchain/avr8/avr8-gnu-toolchain/bin/../lib/gcc/avr/5.4.0/../../../../avr/lib/avr6\libc.a(printf.o) (vfprintf)
c:/apps/atmel/studio/7.0/toolchain/avr8/avr8-gnu-toolchain/bin/../lib/gcc/avr/5.4.0/../../../../avr/lib/avr6\libc.a(strnlen_P.o)
                              c:/apps/atmel/studio/7.0/toolchain/avr8/avr8-gnu-toolchain/bin/../lib/gcc/avr/5.4.0/../../../../avr/lib/avr6\libc.a(vfprintf_std.o) (strnlen_P)
c:/apps/atmel/studio/7.0/toolchain/avr8/avr8-gnu-toolchain/bin/../lib/gcc/avr/5.4.0/../../../../avr/lib/avr6\libc.a(strnlen.o)
                              c:/apps/atmel/studio/7.0/toolchain/avr8/avr8-gnu-toolchain/bin/../lib/gcc/avr/5.4.0/../../../../avr/lib/avr6\libc.a(vfprintf_std.o) (strnlen)
c:/apps/atmel/studio/7.0/toolchain/avr8/avr8-gnu-toolchain/bin/../lib/gcc/avr/5.4.0/../../../../avr/lib/avr6\libc.a(fputc.o)
                              c:/apps/atmel/studio/7.0/toolchain/avr8/avr8-gnu-toolchain/bin/../lib/gcc/avr/5.4.0/../../../../avr/lib/avr6\libc.a(vfprintf_std.o) (fputc)
c:/apps/atmel/studio/7.0/toolchain/avr8/avr8-gnu-toolchain/bin/../lib/gcc/avr/5.4.0/../../../../avr/lib/avr6\libc.a(ultoa_invert.o)
                              c:/apps/atmel/studio/7.0/toolchain/avr8/avr8-gnu-toolchain/bin/../lib/gcc/avr/5.4.0/../../../../avr/lib/avr6\libc.a(vfprintf_std.o) (__ultoa_invert)
[...]
Memory Configuration

Name             Origin             Length             Attributes
text             0x00000000         0x00040000         xr
data             0x00800200         0x00008000         rw !x
eeprom           0x00810000         0x00002000         rw !x
fuse             0x00820000         0x00000003         rw !x
lock             0x00830000         0x00000400         rw !x
signature        0x00840000         0x00000400         rw !x
user_signatures  0x00850000         0x00000400         rw !x
*default*        0x00000000         0xffffffff

Linker script and memory map

Address of section .data set to 0x800200
LOAD c:/apps/atmel/studio/7.0/toolchain/avr8/avr8-gnu-toolchain/bin/../lib/gcc/avr/5.4.0/../../../../avr/lib/avr6/crtatmega256rfr2.o
LOAD globals.o
LOAD main.o
LOAD stack/app/loopback/loopback.o
LOAD stack/eth/socket.o
LOAD stack/eth/W5500/w5500.o
LOAD stack/eth/wizchip_conf.o
LOAD stack/hal/atmega256rfr2/src/hal.o
LOAD stack/hal/atmega256rfr2/src/halTimer.o
LOAD stack/hal/drivers/atmega256rfr2/src/halSleep.o
LOAD stack/hal/drivers/atmega256rfr2/src/halUart.o
LOAD stack/hal/drivers/atmega256rfr2/src/spi.o
LOAD stack/mqtt/MQTTClient.o
LOAD stack/mqtt/mqtt_interface.o
LOAD stack/mqtt/packet/src/MQTTConnectClient.o
LOAD stack/mqtt/packet/src/MQTTConnectServer.o
LOAD stack/mqtt/packet/src/MQTTDeserializePublish.o
LOAD stack/mqtt/packet/src/MQTTFormat.o
LOAD stack/mqtt/packet/src/MQTTPacket.o
LOAD stack/mqtt/packet/src/MQTTSerializePublish.o
LOAD stack/mqtt/packet/src/MQTTSubscribeClient.o
LOAD stack/mqtt/packet/src/MQTTSubscribeServer.o
LOAD stack/mqtt/packet/src/MQTTUnsubscribeClient.o
LOAD stack/mqtt/packet/src/MQTTUnsubscribeServer.o
LOAD stack/nwk/src/nwk.o
LOAD stack/nwk/src/nwkDataReq.o
LOAD stack/nwk/src/nwkFrame.o
LOAD stack/nwk/src/nwkGroup.o
LOAD stack/nwk/src/nwkRoute.o
LOAD stack/nwk/src/nwkRouteDiscovery.o
LOAD stack/nwk/src/nwkRx.o
LOAD stack/nwk/src/nwkSecurity.o
LOAD stack/nwk/src/nwkTx.o
LOAD stack/phy/atmega256rfr2/src/phy.o
LOAD stack/sys/src/sys.o
LOAD stack/sys/src/sysEncrypt.o
LOAD stack/sys/src/sysTimer.o
START GROUP
LOAD c:/apps/atmel/studio/7.0/toolchain/avr8/avr8-gnu-toolchain/bin/../lib/gcc/avr/5.4.0/../../../../avr/lib/avr6\libm.a
END GROUP
START GROUP
LOAD c:/apps/atmel/studio/7.0/toolchain/avr8/avr8-gnu-toolchain/bin/../lib/gcc/avr/5.4.0/avr6\libgcc.a
LOAD c:/apps/atmel/studio/7.0/toolchain/avr8/avr8-gnu-toolchain/bin/../lib/gcc/avr/5.4.0/../../../../avr/lib/avr6\libm.a
LOAD c:/apps/atmel/studio/7.0/toolchain/avr8/avr8-gnu-toolchain/bin/../lib/gcc/avr/5.4.0/../../../../avr/lib/avr6\libc.a
LOAD c:/apps/atmel/studio/7.0/toolchain/avr8/avr8-gnu-toolchain/bin/../lib/gcc/avr/5.4.0/../../../../avr/lib/avr6\libatmega256rfr2.a
END GROUP
                [0x00000000]                __TEXT_REGION_ORIGIN__ = DEFINED (__TEXT_REGION_ORIGIN__)?__TEXT_REGION_ORIGIN__:0x0
                [0x00800200]                __DATA_REGION_ORIGIN__ = DEFINED (__DATA_REGION_ORIGIN__)?__DATA_REGION_ORIGIN__:0x800200
                [0x00040000]                __TEXT_REGION_LENGTH__ = DEFINED (__TEXT_REGION_LENGTH__)?__TEXT_REGION_LENGTH__:0x100000
                [0x00008000]                __DATA_REGION_LENGTH__ = DEFINED (__DATA_REGION_LENGTH__)?__DATA_REGION_LENGTH__:0xfe00
                [0x00002000]                __EEPROM_REGION_LENGTH__ = DEFINED (__EEPROM_REGION_LENGTH__)?__EEPROM_REGION_LENGTH__:0x10000
                [0x00000003]                __FUSE_REGION_LENGTH__ = DEFINED (__FUSE_REGION_LENGTH__)?__FUSE_REGION_LENGTH__:0x400
                0x00000400                __LOCK_REGION_LENGTH__ = DEFINED (__LOCK_REGION_LENGTH__)?__LOCK_REGION_LENGTH__:0x400
                0x00000400                __SIGNATURE_REGION_LENGTH__ = DEFINED (__SIGNATURE_REGION_LENGTH__)?__SIGNATURE_REGION_LENGTH__:0x400
                0x00000400                __USER_SIGNATURE_REGION_LENGTH__ = DEFINED (__USER_SIGNATURE_REGION_LENGTH__)?__USER_SIGNATURE_REGION_LENGTH__:0x400

.hash
 *(.hash)

.dynsym
 *(.dynsym)

.dynstr
 *(.dynstr)

.gnu.version
 *(.gnu.version)

.gnu.version_d
 *(.gnu.version_d)

.gnu.version_r
 *(.gnu.version_r)

.rel.init
 *(.rel.init)

.rela.init
 *(.rela.init)

.rel.text
 *(.rel.text)
 *(.rel.text.*)
 *(.rel.gnu.linkonce.t*)

.rela.text
 *(.rela.text)
 *(.rela.text.*)
 *(.rela.gnu.linkonce.t*)

.rel.fini
 *(.rel.fini)

.rela.fini
 *(.rela.fini)

.rel.rodata
 *(.rel.rodata)
 *(.rel.rodata.*)
 *(.rel.gnu.linkonce.r*)

.rela.rodata
 *(.rela.rodata)
 *(.rela.rodata.*)
 *(.rela.gnu.linkonce.r*)

.rel.data
 *(.rel.data)
 *(.rel.data.*)
 *(.rel.gnu.linkonce.d*)

.rela.data
 *(.rela.data)
 *(.rela.data.*)
 *(.rela.gnu.linkonce.d*)

.rel.ctors
 *(.rel.ctors)

.rela.ctors
 *(.rela.ctors)

.rel.dtors
 *(.rel.dtors)

.rela.dtors
 *(.rela.dtors)

.rel.got
 *(.rel.got)

.rela.got
 *(.rela.got)

.rel.bss
 *(.rel.bss)

.rela.bss
 *(.rela.bss)

.rel.plt
 *(.rel.plt)

.rela.plt
 *(.rela.plt)

.text           0x00000000     0x100e
 *(.vectors)
 .vectors       0x00000000      0x134 c:/apps/atmel/studio/7.0/toolchain/avr8/avr8-gnu-toolchain/bin/../lib/gcc/avr/5.4.0/../../../../avr/lib/avr6/crtatmega256rfr2.o
                0x00000000                __vector_default
                0x00000000                __vectors
 *(.vectors)
 *(.progmem.gcc*)
                0x00000134                . = ALIGN (0x2)
                0x00000134                __trampolines_start = .
 *(.trampolines)
 .trampolines   0x00000134        0x0 linker stubs
 *(.trampolines*)
                0x00000134                __trampolines_end = .
 *libprintf_flt.a:*(.progmem.data)
 *libc.a:*(.progmem.data)
 *(.progmem*)
                0x00000134                . = ALIGN (0x2)
 *(.jumptables)
 *(.jumptables*)
 *(.lowtext)
 *(.lowtext*)
                0x00000134                __ctors_start = .
 *(.ctors)
                0x00000134                __ctors_end = .
                0x00000134                __dtors_start = .
 *(.dtors)
                0x00000134                __dtors_end = .
 SORT(*)(.ctors)
 SORT(*)(.dtors)
 *(.init0)
 .init0         0x00000134        0x0 c:/apps/atmel/studio/7.0/toolchain/avr8/avr8-gnu-toolchain/bin/../lib/gcc/avr/5.4.0/../../../../avr/lib/avr6/crtatmega256rfr2.o
                0x00000134                __init
 *(.init0)
 *(.init1)
 *(.init1)
 *(.init2)
 .init2         0x00000134       0x10 c:/apps/atmel/studio/7.0/toolchain/avr8/avr8-gnu-toolchain/bin/../lib/gcc/avr/5.4.0/../../../../avr/lib/avr6/crtatmega256rfr2.o
 *(.init2)
 *(.init3)
 .init3         0x00000144       0x1e main.o
                0x00000144                get_mcusr
 *(.init3)
 *(.init4)
 .init4         0x00000162       0x1a c:/apps/atmel/studio/7.0/toolchain/avr8/avr8-gnu-toolchain/bin/../lib/gcc/avr/5.4.0/avr6\libgcc.a(_copy_data.o)
                0x00000162                __do_copy_data
 .init4         0x0000017c       0x10 c:/apps/atmel/studio/7.0/toolchain/avr8/avr8-gnu-toolchain/bin/../lib/gcc/avr/5.4.0/avr6\libgcc.a(_clear_bss.o)
                0x0000017c                __do_clear_bss
 *(.init4)
 *(.init5)
 *(.init5)
 *(.init6)
 *(.init6)
 *(.init7)
 *(.init7)
 *(.init8)
 *(.init8)
 *(.init9)
 .init9         0x0000018c        0x4 c:/apps/atmel/studio/7.0/toolchain/avr8/avr8-gnu-toolchain/bin/../lib/gcc/avr/5.4.0/../../../../avr/lib/avr6/crtatmega256rfr2.o
 *(.init9)
 *(.text)
 .text          0x00000190        0x2 c:/apps/atmel/studio/7.0/toolchain/avr8/avr8-gnu-toolchain/bin/../lib/gcc/avr/5.4.0/../../../../avr/lib/avr6/crtatmega256rfr2.o
                0x00000190                __vector_38
                0x00000190                __vector_22
                0x00000190                __vector_63
                0x00000190                __vector_28
                0x00000190                __vector_67
                0x00000190                __vector_1
                0x00000190                __vector_32
                0x00000190                __vector_75
                0x00000190                __vector_71
                0x00000190                __vector_34
                0x00000190                __vector_62
                0x00000190                __vector_24
                0x00000190                __vector_12
                0x00000190                __vector_55
                0x00000190                __vector_69
                0x00000190                __vector_46
                0x00000190                __bad_interrupt
                0x00000190                __vector_72
                0x00000190                __vector_6
                0x00000190                __vector_31
                0x00000190                __vector_35
                0x00000190                __vector_74
                0x00000190                __vector_39
                0x00000190                __vector_3
                0x00000190                __vector_23
                0x00000190                __vector_68
                0x00000190                __vector_30
                0x00000190                __vector_73
                0x00000190                __vector_45
                0x00000190                __vector_25
                0x00000190                __vector_61
                0x00000190                __vector_11
                0x00000190                __vector_54
                0x00000190                __vector_17
                0x00000190                __vector_19
                0x00000190                __vector_56
                0x00000190                __vector_7
                0x00000190                __vector_49
                0x00000190                __vector_41
                0x00000190                __vector_64
                0x00000190                __vector_43
                0x00000190                __vector_27
                0x00000190                __vector_5
                0x00000190                __vector_33
                0x00000190                __vector_76
                0x00000190                __vector_47
                0x00000190                __vector_52
                0x00000190                __vector_4
                0x00000190                __vector_44
                0x00000190                __vector_51
                0x00000190                __vector_9
                0x00000190                __vector_2
                0x00000190                __vector_15
                0x00000190                __vector_66
                0x00000190                __vector_58
                0x00000190                __vector_70
                0x00000190                __vector_29
                0x00000190                __vector_60
                0x00000190                __vector_40
                0x00000190                __vector_8
                0x00000190                __vector_26
                0x00000190                __vector_48
                0x00000190                __vector_14
                0x00000190                __vector_57
                0x00000190                __vector_53
                0x00000190                __vector_10
                0x00000190                __vector_50
                0x00000190                __vector_16
                0x00000190                __vector_59
                0x00000190                __vector_18
                0x00000190                __vector_20
                0x00000190                __vector_65
                0x00000192                . = ALIGN (0x2)
 *(.text.*)
 .text.cs_sel   0x00000192        0x4 main.o
                0x00000192                cs_sel
 .text.cs_desel
                0x00000196        0x4 main.o
                0x00000196                cs_desel
 .text.spi_rb   0x0000019a        0xc main.o
                0x0000019a                spi_rb
 .text.spi_wb   0x000001a6        0xa main.o
                0x000001a6                spi_wb
 .text.__vector_21
                0x000001b0       0x4a main.o
                0x000001b0                __vector_21
 .text.adc_init
                0x000001fa       0x24 main.o
                0x000001fa                adc_init
 .text.adc_read
                0x0000021e       0x2a main.o
                0x0000021e                adc_read
 .text.timer0_init
                0x00000248       0x18 main.o
                0x00000248                timer0_init
 .text.test_w5500_version
                0x00000260       0x24 main.o
                0x00000260                test_w5500_version
 .text.test_spi_communication
                0x00000284       0x2e main.o
                0x00000284                test_spi_communication
 .text.w5500_reset
                0x000002b2       0x16 main.o
                0x000002b2                w5500_reset
 .text.main     0x000002c8       0x4e main.o
                0x000002c8                main
 .text.HAL_Init
                0x00000316       0x28 stack/hal/atmega256rfr2/src/hal.o
                0x00000316                HAL_Init
 .text.HAL_TimerInit
                0x0000033e       0x2a stack/hal/atmega256rfr2/src/halTimer.o
                0x0000033e                HAL_TimerInit
 .text.__vector_42
                0x00000368       0x22 stack/hal/atmega256rfr2/src/halTimer.o
                0x00000368                __vector_42
 .text.__vector_13
                0x0000038a       0x1e stack/hal/drivers/atmega256rfr2/src/halSleep.o
                0x0000038a                __vector_13
 .text.HAL_UartInit
                0x000003a8       0xa8 stack/hal/drivers/atmega256rfr2/src/halUart.o
                0x000003a8                HAL_UartInit
 .text.__vector_37
                0x00000450       0x38 stack/hal/drivers/atmega256rfr2/src/halUart.o
                0x00000450                __vector_37
 .text.__vector_36
                0x00000488       0xae stack/hal/drivers/atmega256rfr2/src/halUart.o
                0x00000488                __vector_36
 .text.HAL_UartPrintChar
                0x00000536       0x14 stack/hal/drivers/atmega256rfr2/src/halUart.o
                0x00000536                HAL_UartPrintChar
 .text.spi_init
                0x0000054a       0x18 stack/hal/drivers/atmega256rfr2/src/spi.o
                0x0000054a                spi_init
 .text.NWK_Init
                0x00000562       0x2e stack/nwk/src/nwk.o
                0x00000562                NWK_Init
 .text.NWK_OpenEndpoint
                0x00000590       0x12 stack/nwk/src/nwk.o
                0x00000590                NWK_OpenEndpoint
 .text.nwkDataReqInit
                0x000005a2        0xa stack/nwk/src/nwkDataReq.o
                0x000005a2                nwkDataReqInit
 .text.nwkFrameInit
                0x000005ac       0x16 stack/nwk/src/nwkFrame.o
                0x000005ac                nwkFrameInit
 .text.nwkFrameNext
                0x000005c2       0x4a stack/nwk/src/nwkFrame.o
                0x000005c2                nwkFrameNext
 .text.nwkRouteInit
                0x0000060c       0x40 stack/nwk/src/nwkRoute.o
                0x0000060c                nwkRouteInit
 .text.NWK_RouteFindEntry
                0x0000064c       0x64 stack/nwk/src/nwkRoute.o
                0x0000064c                NWK_RouteFindEntry
 .text.NWK_RouteFreeEntry
                0x000006b0       0x14 stack/nwk/src/nwkRoute.o
                0x000006b0                NWK_RouteFreeEntry
 .text.nwkRouteRemove
                0x000006c4        0xa stack/nwk/src/nwkRoute.o
                0x000006c4                nwkRouteRemove
 .text.nwkRouteErrorReceived
                0x000006ce       0x1e stack/nwk/src/nwkRoute.o
                0x000006ce                nwkRouteErrorReceived
 .text.nwkRxServiceDataInd
                0x000006ec       0x30 stack/nwk/src/nwkRx.o
 .text.nwkRxDuplicateRejectionTimerHandler
                0x0000071c       0x2c stack/nwk/src/nwkRx.o
 .text.nwkRxInit
                0x00000748       0x3a stack/nwk/src/nwkRx.o
                0x00000748                nwkRxInit
 .text.nwkTxDelayTimerHandler
                0x00000782       0x58 stack/nwk/src/nwkTx.o
 .text.nwkTxAckWaitTimerHandler
                0x000007da       0x64 stack/nwk/src/nwkTx.o
 .text.nwkTxInit
                0x0000083e       0x46 stack/nwk/src/nwkTx.o
                0x0000083e                nwkTxInit
 .text.nwkTxAckReceived
                0x00000884       0x4a stack/nwk/src/nwkTx.o
                0x00000884                nwkTxAckReceived
 .text.phyTrxSetState
                0x000008ce       0x24 stack/phy/atmega256rfr2/src/phy.o
 .text.PHY_Init
                0x000008f2       0x2e stack/phy/atmega256rfr2/src/phy.o
                0x000008f2                PHY_Init
 .text.SYS_Init
                0x00000920        0xa stack/sys/src/sys.o
                0x00000920                SYS_Init
 .text.placeTimer
                0x0000092a       0xc8 stack/sys/src/sysTimer.o
 .text.SYS_TimerInit
                0x000009f2        0xa stack/sys/src/sysTimer.o
                0x000009f2                SYS_TimerInit
 .text.SYS_TimerStarted
                0x000009fc       0x34 stack/sys/src/sysTimer.o
                0x000009fc                SYS_TimerStarted
 .text.SYS_TimerStart
                0x00000a30       0x16 stack/sys/src/sysTimer.o
                0x00000a30                SYS_TimerStart
 .text.libgcc.div
                0x00000a46       0x44 c:/apps/atmel/studio/7.0/toolchain/avr8/avr8-gnu-toolchain/bin/../lib/gcc/avr/5.4.0/avr6\libgcc.a(_udivmodsi4.o)
                0x00000a46                __udivmodsi4
 .text.avr-libc
                0x00000a8a       0x26 c:/apps/atmel/studio/7.0/toolchain/avr8/avr8-gnu-toolchain/bin/../lib/gcc/avr/5.4.0/../../../../avr/lib/avr6\libc.a(printf.o)
                0x00000a8a                printf
 .text.avr-libc
                0x00000ab0      0x3fa c:/apps/atmel/studio/7.0/toolchain/avr8/avr8-gnu-toolchain/bin/../lib/gcc/avr/5.4.0/../../../../avr/lib/avr6\libc.a(vfprintf_std.o)
                0x00000ab0                vfprintf
 .text.avr-libc
                0x00000eaa       0x16 c:/apps/atmel/studio/7.0/toolchain/avr8/avr8-gnu-toolchain/bin/../lib/gcc/avr/5.4.0/../../../../avr/lib/avr6\libc.a(strnlen_P.o)
                0x00000eaa                strnlen_P
 .text.avr-libc
                0x00000ec0       0x16 c:/apps/atmel/studio/7.0/toolchain/avr8/avr8-gnu-toolchain/bin/../lib/gcc/avr/5.4.0/../../../../avr/lib/avr6\libc.a(strnlen.o)
                0x00000ec0                strnlen
 .text.avr-libc
                0x00000ed6       0x78 c:/apps/atmel/studio/7.0/toolchain/avr8/avr8-gnu-toolchain/bin/../lib/gcc/avr/5.4.0/../../../../avr/lib/avr6\libc.a(fputc.o)
                0x00000ed6                fputc
 .text.avr-libc
                0x00000f4e       0xbc c:/apps/atmel/studio/7.0/toolchain/avr8/avr8-gnu-toolchain/bin/../lib/gcc/avr/5.4.0/../../../../avr/lib/avr6\libc.a(ultoa_invert.o)
                0x00000f4e                __ultoa_invert
                0x0000100a                . = ALIGN (0x2)
 *(.fini9)
 .fini9         0x0000100a        0x0 c:/apps/atmel/studio/7.0/toolchain/avr8/avr8-gnu-toolchain/bin/../lib/gcc/avr/5.4.0/avr6\libgcc.a(_exit.o)
                0x0000100a                _exit
                0x0000100a                exit
 *(.fini9)
 *(.fini8)
 *(.fini8)
 *(.fini7)
 *(.fini7)
 *(.fini6)
 *(.fini6)
 *(.fini5)
 *(.fini5)
 *(.fini4)
 *(.fini4)
 *(.fini3)
 *(.fini3)
 *(.fini2)
 *(.fini2)
 *(.fini1)
 *(.fini1)
 *(.fini0)
 .fini0         0x0000100a        0x4 c:/apps/atmel/studio/7.0/toolchain/avr8/avr8-gnu-toolchain/bin/../lib/gcc/avr/5.4.0/avr6\libgcc.a(_exit.o)
 *(.fini0)
                0x0000100e                _etext = .

.data           0x00800200       0x3a load address 0x0000100e
                0x00800200                PROVIDE (__data_start, .)
 *(.data)
 *(.data*)
 .data.uart_str
                0x00800200        0xe main.o
                0x00800200                uart_str
 *(.gnu.linkonce.d*)
 *(.rodata)
 *(.rodata*)
 .rodata.str1.1
                0x0080020e       0x2c main.o
 *(.gnu.linkonce.r*)
                0x0080023a                . = ALIGN (0x2)
                0x0080023a                _edata = .
                0x0080023a                PROVIDE (__data_end, .)

.bss            0x0080023a     0x1c9a
                0x0080023a                PROVIDE (__bss_start, .)
 *(.bss)
 *(.bss*)
 .bss.halSleepTimerEvent
                0x0080023a        0x1 stack/hal/drivers/atmega256rfr2/src/halSleep.o
 .bss.newData   0x0080023b        0x1 stack/hal/drivers/atmega256rfr2/src/halUart.o
 .bss.udrEmpty  0x0080023c        0x1 stack/hal/drivers/atmega256rfr2/src/halUart.o
 .bss.rxData    0x0080023d      0x191 stack/hal/drivers/atmega256rfr2/src/halUart.o
 .bss.rxFifo    0x008003ce        0xa stack/hal/drivers/atmega256rfr2/src/halUart.o
 .bss.txData    0x008003d8      0x191 stack/hal/drivers/atmega256rfr2/src/halUart.o
 .bss.txFifo    0x00800569        0xa stack/hal/drivers/atmega256rfr2/src/halUart.o
 .bss.nwkDataReqQueue
                0x00800573        0x2 stack/nwk/src/nwkDataReq.o
 .bss.nwkFrameFrames
                0x00800575     0x100e stack/nwk/src/nwkFrame.o
 .bss.nwkRouteTable
                0x00801583      0x2bc stack/nwk/src/nwkRoute.o
 .bss.nwkRxDuplicateRejectionTimer
                0x0080183f        0xd stack/nwk/src/nwkRx.o
 .bss.nwkRxDuplicateRejectionTable
                0x0080184c       0x32 stack/nwk/src/nwkRx.o
 .bss.nwkTxDelayTimer
                0x0080187e        0xd stack/nwk/src/nwkTx.o
 .bss.nwkTxAckWaitTimer
                0x0080188b        0xd stack/nwk/src/nwkTx.o
 .bss.nwkTxPhyActiveFrame
                0x00801898        0x2 stack/nwk/src/nwkTx.o
 .bss.phyBand   0x0080189a        0x1 stack/phy/atmega256rfr2/src/phy.o
 .bss.phyRxState
                0x0080189b        0x1 stack/phy/atmega256rfr2/src/phy.o
 .bss.phyState  0x0080189c        0x1 stack/phy/atmega256rfr2/src/phy.o
 .bss.timers    0x0080189d        0x2 stack/sys/src/sysTimer.o
 *(COMMON)
 COMMON         0x0080189f      0x606 main.o
                0x0080189f                ethBuf1
                0x00801a9f                _millis
                0x00801aa3                mqtt_readBuffer
                0x00801ca3                mes_id
                0x00801ca5                ethBuf0
 COMMON         0x00801ea5        0x1 stack/hal/atmega256rfr2/src/halTimer.o
                0x00801ea5                halTimerIrqCount
 COMMON         0x00801ea6       0x28 stack/nwk/src/nwk.o
                0x00801ea6                nwkIb
 COMMON         0x00801ece        0x6 c:/apps/atmel/studio/7.0/toolchain/avr8/avr8-gnu-toolchain/bin/../lib/gcc/avr/5.4.0/../../../../avr/lib/avr6\libc.a(iob.o)
                0x00801ece                __iob
                0x00801ed4                PROVIDE (__bss_end, .)
                0x0000100e                __data_load_start = LOADADDR (.data)
                0x00001048                __data_load_end = (__data_load_start + SIZEOF (.data))

.noinit         0x00801ed4        0x1
                [!provide]                PROVIDE (__noinit_start, .)
 *(.noinit*)
 .noinit        0x00801ed4        0x1 main.o
                0x00801ed4                mcucsr_mirror
                [!provide]                PROVIDE (__noinit_end, .)
                0x00801ed5                _end = .
                0x00801ed5                PROVIDE (__heap_start, .)

.eeprom         0x00810000        0x0
 *(.eeprom*)
                0x00810000                __eeprom_end = .

.fuse
 *(.fuse)
 *(.lfuse)
 *(.hfuse)
 *(.efuse)

.lock
 *(.lock*)

.signature
 *(.signature*)

.user_signatures
 *(.user_signatures*)

.stab
 *(.stab)

.stabstr
 *(.stabstr)

.stab.excl
 *(.stab.excl)

.stab.exclstr
 *(.stab.exclstr)

.stab.index
 *(.stab.index)

.stab.indexstr
 *(.stab.indexstr)

.comment        0x00000000       0x5c
 *(.comment)
 .comment       0x00000000       0x30 main.o
                                 0x31 (size before relaxing)
 .comment       0x00000030       0x31 stack/hal/atmega256rfr2/src/hal.o
 .comment       0x00000030       0x31 stack/hal/atmega256rfr2/src/halTimer.o
 .comment       0x00000030       0x31 stack/hal/drivers/atmega256rfr2/src/halSleep.o
 .comment       0x00000030       0x31 stack/hal/drivers/atmega256rfr2/src/halUart.o
 .comment       0x00000030       0x31 stack/hal/drivers/atmega256rfr2/src/spi.o
 .comment       0x00000030       0x31 stack/nwk/src/nwk.o
 .comment       0x00000030       0x31 stack/nwk/src/nwkDataReq.o
 .comment       0x00000030       0x31 stack/nwk/src/nwkFrame.o
 .comment       0x00000030       0x31 stack/nwk/src/nwkRoute.o
 .comment       0x00000030       0x31 stack/nwk/src/nwkRx.o
 .comment       0x00000030       0x31 stack/nwk/src/nwkTx.o
 .comment       0x00000030       0x31 stack/phy/atmega256rfr2/src/phy.o
 .comment       0x00000030       0x31 stack/sys/src/sys.o
 .comment       0x00000030       0x31 stack/sys/src/sysTimer.o
 .comment       0x00000030       0x31 c:/apps/atmel/studio/7.0/toolchain/avr8/avr8-gnu-toolchain/bin/../lib/gcc/avr/5.4.0/../../../../avr/lib/avr6\libc.a(iob.o)
 .comment       0x00000030       0x31 c:/apps/atmel/studio/7.0/toolchain/avr8/avr8-gnu-toolchain/bin/../lib/gcc/avr/5.4.0/../../../../avr/lib/avr6\libc.a(printf.o)
 .comment       0x00000030       0x2c c:/apps/atmel/studio/7.0/toolchain/avr8/avr8-gnu-toolchain/bin/../lib/gcc/avr/5.4.0/../../../../avr/lib/avr6\libc.a(vfprintf_std.o)
                                 0x2d (size before relaxing)
 .comment       0x0000005c       0x31 c:/apps/atmel/studio/7.0/toolchain/avr8/avr8-gnu-toolchain/bin/../lib/gcc/avr/5.4.0/../../../../avr/lib/avr6\libc.a(fputc.o)

.note.gnu.avr.deviceinfo
                0x00000000       0x40
 .note.gnu.avr.deviceinfo
                0x00000000       0x40 c:/apps/atmel/studio/7.0/toolchain/avr8/avr8-gnu-toolchain/bin/../lib/gcc/avr/5.4.0/../../../../avr/lib/avr6/crtatmega256rfr2.o

.note.gnu.build-id
 *(.note.gnu.build-id)

.debug
 *(.debug)

.line
 *(.line)

.debug_srcinfo
 *(.debug_srcinfo)

.debug_sfnames
 *(.debug_sfnames)

.debug_aranges  0x00000000      0x4c8
 *(.debug_aranges)
 .debug_aranges
                0x00000000       0xd0 main.o
 .debug_aranges
                0x000000d0       0x28 stack/hal/atmega256rfr2/src/hal.o
 .debug_aranges
                0x000000f8       0x30 stack/hal/atmega256rfr2/src/halTimer.o
 .debug_aranges
                0x00000128       0x28 stack/hal/drivers/atmega256rfr2/src/halSleep.o
 .debug_aranges
                0x00000150       0x50 stack/hal/drivers/atmega256rfr2/src/halUart.o
 .debug_aranges
                0x000001a0       0x20 stack/hal/drivers/atmega256rfr2/src/spi.o
 .debug_aranges
                0x000001c0       0x70 stack/nwk/src/nwk.o
 .debug_aranges
                0x00000230       0x38 stack/nwk/src/nwkDataReq.o
 .debug_aranges
                0x00000268       0x40 stack/nwk/src/nwkFrame.o
 .debug_aranges
                0x000002a8       0x80 stack/nwk/src/nwkRoute.o
 .debug_aranges
                0x00000328       0x48 stack/nwk/src/nwkRx.o
 .debug_aranges
                0x00000370       0x60 stack/nwk/src/nwkTx.o
 .debug_aranges
                0x000003d0       0x88 stack/phy/atmega256rfr2/src/phy.o
 .debug_aranges
                0x00000458       0x28 stack/sys/src/sys.o
 .debug_aranges
                0x00000480       0x48 stack/sys/src/sysTimer.o

.debug_pubnames
 *(.debug_pubnames)

.debug_info     0x00000000     0x7194
 *(.debug_info .gnu.linkonce.wi.*)
 .debug_info    0x00000000     0x13e6 c:/apps/atmel/studio/7.0/toolchain/avr8/avr8-gnu-toolchain/bin/../lib/gcc/avr/5.4.0/../../../../avr/lib/avr6/crtatmega256rfr2.o
 .debug_info    0x000013e6     0x15a6 main.o
 .debug_info    0x0000298c      0x128 stack/hal/atmega256rfr2/src/hal.o
 .debug_info    0x00002ab4       0xe4 stack/hal/atmega256rfr2/src/halTimer.o
 .debug_info    0x00002b98      0x184 stack/hal/drivers/atmega256rfr2/src/halSleep.o
 .debug_info    0x00002d1c      0x434 stack/hal/drivers/atmega256rfr2/src/halUart.o
 .debug_info    0x00003150       0x8a stack/hal/drivers/atmega256rfr2/src/spi.o
 .debug_info    0x000031da      0x4ce stack/nwk/src/nwk.o
 .debug_info    0x000036a8      0x785 stack/nwk/src/nwkDataReq.o
 .debug_info    0x00003e2d      0x572 stack/nwk/src/nwkFrame.o
 .debug_info    0x0000439f      0xb52 stack/nwk/src/nwkRoute.o
 .debug_info    0x00004ef1      0xc34 stack/nwk/src/nwkRx.o
 .debug_info    0x00005b25      0xa26 stack/nwk/src/nwkTx.o
 .debug_info    0x0000654b      0x7c4 stack/phy/atmega256rfr2/src/phy.o
 .debug_info    0x00006d0f      0x140 stack/sys/src/sys.o
 .debug_info    0x00006e4f      0x345 stack/sys/src/sysTimer.o

.debug_abbrev   0x00000000     0x2f98
 *(.debug_abbrev)
 .debug_abbrev  0x00000000     0x12d6 c:/apps/atmel/studio/7.0/toolchain/avr8/avr8-gnu-toolchain/bin/../lib/gcc/avr/5.4.0/../../../../avr/lib/avr6/crtatmega256rfr2.o
 .debug_abbrev  0x000012d6      0x4b6 main.o
 .debug_abbrev  0x0000178c       0xc3 stack/hal/atmega256rfr2/src/hal.o
 .debug_abbrev  0x0000184f       0xaa stack/hal/atmega256rfr2/src/halTimer.o
 .debug_abbrev  0x000018f9       0xd5 stack/hal/drivers/atmega256rfr2/src/halSleep.o
 .debug_abbrev  0x000019ce      0x1cc stack/hal/drivers/atmega256rfr2/src/halUart.o
 .debug_abbrev  0x00001b9a       0x51 stack/hal/drivers/atmega256rfr2/src/spi.o
 .debug_abbrev  0x00001beb      0x1b5 stack/nwk/src/nwk.o
 .debug_abbrev  0x00001da0      0x27f stack/nwk/src/nwkDataReq.o
 .debug_abbrev  0x0000201f      0x183 stack/nwk/src/nwkFrame.o
 .debug_abbrev  0x000021a2      0x332 stack/nwk/src/nwkRoute.o
 .debug_abbrev  0x000024d4      0x38a stack/nwk/src/nwkRx.o
 .debug_abbrev  0x0000285e      0x30c stack/nwk/src/nwkTx.o
 .debug_abbrev  0x00002b6a      0x230 stack/phy/atmega256rfr2/src/phy.o
 .debug_abbrev  0x00002d9a       0x63 stack/sys/src/sys.o
 .debug_abbrev  0x00002dfd      0x19b stack/sys/src/sysTimer.o

.debug_line     0x00000000     0x2c50
 *(.debug_line .debug_line.* .debug_line_end)
 .debug_line    0x00000000       0x1a c:/apps/atmel/studio/7.0/toolchain/avr8/avr8-gnu-toolchain/bin/../lib/gcc/avr/5.4.0/../../../../avr/lib/avr6/crtatmega256rfr2.o
 .debug_line    0x0000001a      0x82b main.o
 .debug_line    0x00000845      0x167 stack/hal/atmega256rfr2/src/hal.o
 .debug_line    0x000009ac      0x11e stack/hal/atmega256rfr2/src/halTimer.o
 .debug_line    0x00000aca      0x1cc stack/hal/drivers/atmega256rfr2/src/halSleep.o
 .debug_line    0x00000c96      0x2ef stack/hal/drivers/atmega256rfr2/src/halUart.o
 .debug_line    0x00000f85       0xd1 stack/hal/drivers/atmega256rfr2/src/spi.o
 .debug_line    0x00001056      0x29c stack/nwk/src/nwk.o
 .debug_line    0x000012f2      0x23d stack/nwk/src/nwkDataReq.o
 .debug_line    0x0000152f      0x1c2 stack/nwk/src/nwkFrame.o
 .debug_line    0x000016f1      0x47d stack/nwk/src/nwkRoute.o
 .debug_line    0x00001b6e      0x4a5 stack/nwk/src/nwkRx.o
 .debug_line    0x00002013      0x4bb stack/nwk/src/nwkTx.o
 .debug_line    0x000024ce      0x3cf stack/phy/atmega256rfr2/src/phy.o
 .debug_line    0x0000289d      0x108 stack/sys/src/sys.o
 .debug_line    0x000029a5      0x2ab stack/sys/src/sysTimer.o

.debug_frame    0x00000000      0xc14
 *(.debug_frame)
 .debug_frame   0x00000000      0x2bc main.o
 .debug_frame   0x000002bc       0x34 stack/hal/atmega256rfr2/src/hal.o
 .debug_frame   0x000002f0       0x54 stack/hal/atmega256rfr2/src/halTimer.o
 .debug_frame   0x00000344       0x50 stack/hal/drivers/atmega256rfr2/src/halSleep.o
 .debug_frame   0x00000394       0xf4 stack/hal/drivers/atmega256rfr2/src/halUart.o
 .debug_frame   0x00000488       0x24 stack/hal/drivers/atmega256rfr2/src/spi.o
 .debug_frame   0x000004ac       0xd4 stack/nwk/src/nwk.o
 .debug_frame   0x00000580       0x68 stack/nwk/src/nwkDataReq.o
 .debug_frame   0x000005e8       0x64 stack/nwk/src/nwkFrame.o
 .debug_frame   0x0000064c      0x174 stack/nwk/src/nwkRoute.o
 .debug_frame   0x000007c0       0xe0 stack/nwk/src/nwkRx.o
 .debug_frame   0x000008a0      0x144 stack/nwk/src/nwkTx.o
 .debug_frame   0x000009e4      0x13c stack/phy/atmega256rfr2/src/phy.o
 .debug_frame   0x00000b20       0x34 stack/sys/src/sys.o
 .debug_frame   0x00000b54       0xc0 stack/sys/src/sysTimer.o

.debug_str      0x00000000     0x25f0
 *(.debug_str)
 .debug_str     0x00000000      0x7f7 c:/apps/atmel/studio/7.0/toolchain/avr8/avr8-gnu-toolchain/bin/../lib/gcc/avr/5.4.0/../../../../avr/lib/avr6/crtatmega256rfr2.o
 .debug_str     0x000007f7      0xae1 main.o
                                0xb74 (size before relaxing)
 .debug_str     0x000012d8       0x55 stack/hal/atmega256rfr2/src/hal.o
                                0x1c2 (size before relaxing)
 .debug_str     0x0000132d       0x47 stack/hal/atmega256rfr2/src/halTimer.o
                                0x1bc (size before relaxing)
 .debug_str     0x00001374       0x97 stack/hal/drivers/atmega256rfr2/src/halSleep.o
                                0x207 (size before relaxing)
 .debug_str     0x0000140b       0xdf stack/hal/drivers/atmega256rfr2/src/halUart.o
                                0x2cb (size before relaxing)
 .debug_str     0x000014ea       0x2d stack/hal/drivers/atmega256rfr2/src/spi.o
                                0x18e (size before relaxing)
 .debug_str     0x00001517      0x19c stack/nwk/src/nwk.o
                                0x349 (size before relaxing)
 .debug_str     0x000016b3      0x2a1 stack/nwk/src/nwkDataReq.o
                                0x578 (size before relaxing)
 .debug_str     0x00001954       0x61 stack/nwk/src/nwkFrame.o
                                0x417 (size before relaxing)
 .debug_str     0x000019b5      0x1fa stack/nwk/src/nwkRoute.o
                                0x621 (size before relaxing)
 .debug_str     0x00001baf      0x2bb stack/nwk/src/nwkRx.o
                                0x75a (size before relaxing)
 .debug_str     0x00001e6a      0x1c7 stack/nwk/src/nwkTx.o
                                0x6ea (size before relaxing)
 .debug_str     0x00002031      0x52e stack/phy/atmega256rfr2/src/phy.o
                                0x789 (size before relaxing)
 .debug_str     0x0000255f       0x4a stack/sys/src/sys.o
                                0x1e4 (size before relaxing)
 .debug_str     0x000025a9       0x47 stack/sys/src/sysTimer.o
                                0x279 (size before relaxing)

.debug_loc      0x00000000     0x2b4e
 *(.debug_loc)
 .debug_loc     0x00000000      0x81a main.o
 .debug_loc     0x0000081a       0x21 stack/hal/atmega256rfr2/src/hal.o
 .debug_loc     0x0000083b       0x62 stack/hal/atmega256rfr2/src/halTimer.o
 .debug_loc     0x0000089d      0x179 stack/hal/drivers/atmega256rfr2/src/halSleep.o
 .debug_loc     0x00000a16      0x231 stack/hal/drivers/atmega256rfr2/src/halUart.o
 .debug_loc     0x00000c47      0x14d stack/nwk/src/nwk.o
 .debug_loc     0x00000d94      0x137 stack/nwk/src/nwkDataReq.o
 .debug_loc     0x00000ecb       0xe2 stack/nwk/src/nwkFrame.o
 .debug_loc     0x00000fad      0x875 stack/nwk/src/nwkRoute.o
 .debug_loc     0x00001822      0x543 stack/nwk/src/nwkRx.o
 .debug_loc     0x00001d65      0x691 stack/nwk/src/nwkTx.o
 .debug_loc     0x000023f6      0x32a stack/phy/atmega256rfr2/src/phy.o
 .debug_loc     0x00002720      0x42e stack/sys/src/sysTimer.o

.debug_macinfo
 *(.debug_macinfo)

.debug_weaknames
 *(.debug_weaknames)

.debug_funcnames
 *(.debug_funcnames)

.debug_typenames
 *(.debug_typenames)

.debug_varnames
 *(.debug_varnames)

.debug_pubtypes
 *(.debug_pubtypes)

.debug_ranges   0x00000000      0x508
 *(.debug_ranges)
 .debug_ranges  0x00000000       0xd8 main.o
 .debug_ranges  0x000000d8       0x18 stack/hal/atmega256rfr2/src/hal.o
 .debug_ranges  0x000000f0       0x20 stack/hal/atmega256rfr2/src/halTimer.o
 .debug_ranges  0x00000110       0x30 stack/hal/drivers/atmega256rfr2/src/halSleep.o
 .debug_ranges  0x00000140       0x40 stack/hal/drivers/atmega256rfr2/src/halUart.o
 .debug_ranges  0x00000180       0x10 stack/hal/drivers/atmega256rfr2/src/spi.o
 .debug_ranges  0x00000190       0x60 stack/nwk/src/nwk.o
 .debug_ranges  0x000001f0       0x28 stack/nwk/src/nwkDataReq.o
 .debug_ranges  0x00000218       0x30 stack/nwk/src/nwkFrame.o
 .debug_ranges  0x00000248       0x88 stack/nwk/src/nwkRoute.o
 .debug_ranges  0x000002d0       0xd0 stack/nwk/src/nwkRx.o
 .debug_ranges  0x000003a0       0x68 stack/nwk/src/nwkTx.o
 .debug_ranges  0x00000408       0x78 stack/phy/atmega256rfr2/src/phy.o
 .debug_ranges  0x00000480       0x18 stack/sys/src/sys.o
 .debug_ranges  0x00000498       0x70 stack/sys/src/sysTimer.o

.debug_macro
 *(.debug_macro)
OUTPUT(LWM_MSSY.elf elf32-avr)
LOAD linker stubs
